Archive member included to satisfy reference by file (symbol)

/home/engineer/intelFPGA/16.1/nios2eds/bin/gnu/H-x86_64-pc-linux-gnu/bin/../lib/gcc/nios2-elf/5.3.0/../../../../../H-x86_64-pc-linux-gnu/nios2-elf/lib/mno-hw-mul/libsmallc.a(lib_a-puts.o)
                              obj/default/hello_world.o (puts)
/home/engineer/intelFPGA/16.1/nios2eds/bin/gnu/H-x86_64-pc-linux-gnu/bin/../lib/gcc/nios2-elf/5.3.0/../../../../../H-x86_64-pc-linux-gnu/nios2-elf/lib/mno-hw-mul/libsmallc.a(lib_a-strlen.o)
                              /home/engineer/intelFPGA/16.1/nios2eds/bin/gnu/H-x86_64-pc-linux-gnu/bin/../lib/gcc/nios2-elf/5.3.0/../../../../../H-x86_64-pc-linux-gnu/nios2-elf/lib/mno-hw-mul/libsmallc.a(lib_a-puts.o) (strlen)
/home/engineer/intelFPGA/16.1/nios2eds/bin/gnu/H-x86_64-pc-linux-gnu/bin/../lib/gcc/nios2-elf/5.3.0/../../../../../H-x86_64-pc-linux-gnu/nios2-elf/lib/mno-hw-mul/libsmallc.a(lib_a-fvwrite_small_dev.o)
                              /home/engineer/intelFPGA/16.1/nios2eds/bin/gnu/H-x86_64-pc-linux-gnu/bin/../lib/gcc/nios2-elf/5.3.0/../../../../../H-x86_64-pc-linux-gnu/nios2-elf/lib/mno-hw-mul/libsmallc.a(lib_a-puts.o) (__sfvwrite_small_dev)
/home/engineer/intelFPGA/16.1/nios2eds/bin/gnu/H-x86_64-pc-linux-gnu/bin/../lib/gcc/nios2-elf/5.3.0/../../../../../H-x86_64-pc-linux-gnu/nios2-elf/lib/mno-hw-mul/libsmallc.a(lib_a-impure.o)
                              /home/engineer/intelFPGA/16.1/nios2eds/bin/gnu/H-x86_64-pc-linux-gnu/bin/../lib/gcc/nios2-elf/5.3.0/../../../../../H-x86_64-pc-linux-gnu/nios2-elf/lib/mno-hw-mul/libsmallc.a(lib_a-puts.o) (_impure_ptr)
/home/engineer/intelFPGA/16.1/nios2eds/bin/gnu/H-x86_64-pc-linux-gnu/bin/../lib/gcc/nios2-elf/5.3.0/../../../../../H-x86_64-pc-linux-gnu/nios2-elf/lib/mno-hw-mul/libsmallc.a(lib_a-writer.o)
                              /home/engineer/intelFPGA/16.1/nios2eds/bin/gnu/H-x86_64-pc-linux-gnu/bin/../lib/gcc/nios2-elf/5.3.0/../../../../../H-x86_64-pc-linux-gnu/nios2-elf/lib/mno-hw-mul/libsmallc.a(lib_a-fvwrite_small_dev.o) (_write_r)
/home/engineer/intelFPGA/16.1/nios2eds/bin/gnu/H-x86_64-pc-linux-gnu/bin/../lib/gcc/nios2-elf/5.3.0/../../../../../H-x86_64-pc-linux-gnu/nios2-elf/lib/mno-hw-mul/libsmallc.a(lib_a-int_errno.o)
                              /home/engineer/intelFPGA/16.1/nios2eds/bin/gnu/H-x86_64-pc-linux-gnu/bin/../lib/gcc/nios2-elf/5.3.0/../../../../../H-x86_64-pc-linux-gnu/nios2-elf/lib/mno-hw-mul/libsmallc.a(lib_a-writer.o) (errno)
/home/engineer/GIT/FPGA/PROJECTS/NIOSII/software/hello_bsp/libhal_bsp.a(alt_load.o)
                              /home/engineer/GIT/FPGA/PROJECTS/NIOSII/software/hello_bsp/obj/HAL/src/crt0.o (alt_load)
/home/engineer/GIT/FPGA/PROJECTS/NIOSII/software/hello_bsp/libhal_bsp.a(alt_main.o)
                              /home/engineer/GIT/FPGA/PROJECTS/NIOSII/software/hello_bsp/obj/HAL/src/crt0.o (alt_main)
/home/engineer/GIT/FPGA/PROJECTS/NIOSII/software/hello_bsp/libhal_bsp.a(alt_write.o)
                              /home/engineer/intelFPGA/16.1/nios2eds/bin/gnu/H-x86_64-pc-linux-gnu/bin/../lib/gcc/nios2-elf/5.3.0/../../../../../H-x86_64-pc-linux-gnu/nios2-elf/lib/mno-hw-mul/libsmallc.a(lib_a-writer.o) (write)
/home/engineer/GIT/FPGA/PROJECTS/NIOSII/software/hello_bsp/libhal_bsp.a(alt_sys_init.o)
                              /home/engineer/GIT/FPGA/PROJECTS/NIOSII/software/hello_bsp/libhal_bsp.a(alt_main.o) (alt_irq_init)
/home/engineer/GIT/FPGA/PROJECTS/NIOSII/software/hello_bsp/libhal_bsp.a(altera_avalon_jtag_uart_fd.o)
                              /home/engineer/GIT/FPGA/PROJECTS/NIOSII/software/hello_bsp/libhal_bsp.a(alt_sys_init.o) (altera_avalon_jtag_uart_read_fd)
/home/engineer/GIT/FPGA/PROJECTS/NIOSII/software/hello_bsp/libhal_bsp.a(altera_avalon_jtag_uart_read.o)
                              /home/engineer/GIT/FPGA/PROJECTS/NIOSII/software/hello_bsp/libhal_bsp.a(altera_avalon_jtag_uart_fd.o) (altera_avalon_jtag_uart_read)
/home/engineer/GIT/FPGA/PROJECTS/NIOSII/software/hello_bsp/libhal_bsp.a(altera_avalon_jtag_uart_write.o)
                              /home/engineer/GIT/FPGA/PROJECTS/NIOSII/software/hello_bsp/libhal_bsp.a(altera_avalon_jtag_uart_fd.o) (altera_avalon_jtag_uart_write)
/home/engineer/GIT/FPGA/PROJECTS/NIOSII/software/hello_bsp/libhal_bsp.a(alt_close.o)
                              /home/engineer/GIT/FPGA/PROJECTS/NIOSII/software/hello_bsp/libhal_bsp.a(alt_main.o) (close)
/home/engineer/GIT/FPGA/PROJECTS/NIOSII/software/hello_bsp/libhal_bsp.a(alt_dcache_flush_all.o)
                              /home/engineer/GIT/FPGA/PROJECTS/NIOSII/software/hello_bsp/libhal_bsp.a(alt_load.o) (alt_dcache_flush_all)
/home/engineer/GIT/FPGA/PROJECTS/NIOSII/software/hello_bsp/libhal_bsp.a(alt_dev.o)
                              /home/engineer/GIT/FPGA/PROJECTS/NIOSII/software/hello_bsp/libhal_bsp.a(alt_sys_init.o) (alt_dev_list)
/home/engineer/GIT/FPGA/PROJECTS/NIOSII/software/hello_bsp/libhal_bsp.a(alt_dev_llist_insert.o)
                              /home/engineer/GIT/FPGA/PROJECTS/NIOSII/software/hello_bsp/libhal_bsp.a(alt_sys_init.o) (alt_dev_llist_insert)
/home/engineer/GIT/FPGA/PROJECTS/NIOSII/software/hello_bsp/libhal_bsp.a(alt_do_ctors.o)
                              /home/engineer/GIT/FPGA/PROJECTS/NIOSII/software/hello_bsp/libhal_bsp.a(alt_main.o) (_do_ctors)
/home/engineer/GIT/FPGA/PROJECTS/NIOSII/software/hello_bsp/libhal_bsp.a(alt_do_dtors.o)
                              /home/engineer/GIT/FPGA/PROJECTS/NIOSII/software/hello_bsp/libhal_bsp.a(alt_main.o) (_do_dtors)
/home/engineer/GIT/FPGA/PROJECTS/NIOSII/software/hello_bsp/libhal_bsp.a(alt_errno.o)
                              /home/engineer/GIT/FPGA/PROJECTS/NIOSII/software/hello_bsp/libhal_bsp.a(alt_write.o) (alt_errno)
/home/engineer/GIT/FPGA/PROJECTS/NIOSII/software/hello_bsp/libhal_bsp.a(alt_icache_flush_all.o)
                              /home/engineer/GIT/FPGA/PROJECTS/NIOSII/software/hello_bsp/libhal_bsp.a(alt_load.o) (alt_icache_flush_all)
/home/engineer/GIT/FPGA/PROJECTS/NIOSII/software/hello_bsp/libhal_bsp.a(alt_io_redirect.o)
                              /home/engineer/GIT/FPGA/PROJECTS/NIOSII/software/hello_bsp/libhal_bsp.a(alt_main.o) (alt_io_redirect)
/home/engineer/GIT/FPGA/PROJECTS/NIOSII/software/hello_bsp/libhal_bsp.a(alt_open.o)
                              /home/engineer/GIT/FPGA/PROJECTS/NIOSII/software/hello_bsp/libhal_bsp.a(alt_io_redirect.o) (open)
/home/engineer/GIT/FPGA/PROJECTS/NIOSII/software/hello_bsp/libhal_bsp.a(alt_release_fd.o)
                              /home/engineer/GIT/FPGA/PROJECTS/NIOSII/software/hello_bsp/libhal_bsp.a(alt_close.o) (alt_release_fd)
/home/engineer/GIT/FPGA/PROJECTS/NIOSII/software/hello_bsp/libhal_bsp.a(altera_nios2_gen2_irq.o)
                              /home/engineer/GIT/FPGA/PROJECTS/NIOSII/software/hello_bsp/libhal_bsp.a(alt_sys_init.o) (altera_nios2_gen2_irq_init)
/home/engineer/GIT/FPGA/PROJECTS/NIOSII/software/hello_bsp/libhal_bsp.a(alt_find_dev.o)
                              /home/engineer/GIT/FPGA/PROJECTS/NIOSII/software/hello_bsp/libhal_bsp.a(alt_open.o) (alt_find_dev)
/home/engineer/GIT/FPGA/PROJECTS/NIOSII/software/hello_bsp/libhal_bsp.a(alt_find_file.o)
                              /home/engineer/GIT/FPGA/PROJECTS/NIOSII/software/hello_bsp/libhal_bsp.a(alt_open.o) (alt_find_file)
/home/engineer/GIT/FPGA/PROJECTS/NIOSII/software/hello_bsp/libhal_bsp.a(alt_get_fd.o)
                              /home/engineer/GIT/FPGA/PROJECTS/NIOSII/software/hello_bsp/libhal_bsp.a(alt_open.o) (alt_get_fd)
/home/engineer/intelFPGA/16.1/nios2eds/bin/gnu/H-x86_64-pc-linux-gnu/bin/../lib/gcc/nios2-elf/5.3.0/../../../../../H-x86_64-pc-linux-gnu/nios2-elf/lib/mno-hw-mul/libsmallc.a(lib_a-atexit.o)
                              /home/engineer/GIT/FPGA/PROJECTS/NIOSII/software/hello_bsp/libhal_bsp.a(alt_main.o) (atexit)
/home/engineer/intelFPGA/16.1/nios2eds/bin/gnu/H-x86_64-pc-linux-gnu/bin/../lib/gcc/nios2-elf/5.3.0/../../../../../H-x86_64-pc-linux-gnu/nios2-elf/lib/mno-hw-mul/libsmallc.a(lib_a-exit.o)
                              /home/engineer/GIT/FPGA/PROJECTS/NIOSII/software/hello_bsp/libhal_bsp.a(alt_main.o) (exit)
/home/engineer/intelFPGA/16.1/nios2eds/bin/gnu/H-x86_64-pc-linux-gnu/bin/../lib/gcc/nios2-elf/5.3.0/../../../../../H-x86_64-pc-linux-gnu/nios2-elf/lib/mno-hw-mul/libsmallc.a(lib_a-memcmp.o)
                              /home/engineer/GIT/FPGA/PROJECTS/NIOSII/software/hello_bsp/libhal_bsp.a(alt_find_dev.o) (memcmp)
/home/engineer/intelFPGA/16.1/nios2eds/bin/gnu/H-x86_64-pc-linux-gnu/bin/../lib/gcc/nios2-elf/5.3.0/../../../../../H-x86_64-pc-linux-gnu/nios2-elf/lib/mno-hw-mul/libsmallc.a(lib_a-__atexit.o)
                              /home/engineer/intelFPGA/16.1/nios2eds/bin/gnu/H-x86_64-pc-linux-gnu/bin/../lib/gcc/nios2-elf/5.3.0/../../../../../H-x86_64-pc-linux-gnu/nios2-elf/lib/mno-hw-mul/libsmallc.a(lib_a-atexit.o) (__register_exitproc)
/home/engineer/intelFPGA/16.1/nios2eds/bin/gnu/H-x86_64-pc-linux-gnu/bin/../lib/gcc/nios2-elf/5.3.0/../../../../../H-x86_64-pc-linux-gnu/nios2-elf/lib/mno-hw-mul/libsmallc.a(lib_a-__call_atexit.o)
                              /home/engineer/intelFPGA/16.1/nios2eds/bin/gnu/H-x86_64-pc-linux-gnu/bin/../lib/gcc/nios2-elf/5.3.0/../../../../../H-x86_64-pc-linux-gnu/nios2-elf/lib/mno-hw-mul/libsmallc.a(lib_a-exit.o) (__call_exitprocs)
/home/engineer/intelFPGA/16.1/nios2eds/bin/gnu/H-x86_64-pc-linux-gnu/bin/../lib/gcc/nios2-elf/5.3.0/mno-hw-mul/libgcc.a(lib2-mul.o)
                              /home/engineer/GIT/FPGA/PROJECTS/NIOSII/software/hello_bsp/libhal_bsp.a(alt_write.o) (__mulsi3)
/home/engineer/GIT/FPGA/PROJECTS/NIOSII/software/hello_bsp/libhal_bsp.a(alt_exit.o)
                              /home/engineer/intelFPGA/16.1/nios2eds/bin/gnu/H-x86_64-pc-linux-gnu/bin/../lib/gcc/nios2-elf/5.3.0/../../../../../H-x86_64-pc-linux-gnu/nios2-elf/lib/mno-hw-mul/libsmallc.a(lib_a-exit.o) (_exit)

Allocating common symbols
Common symbol       size              file

errno               0x4               /home/engineer/intelFPGA/16.1/nios2eds/bin/gnu/H-x86_64-pc-linux-gnu/bin/../lib/gcc/nios2-elf/5.3.0/../../../../../H-x86_64-pc-linux-gnu/nios2-elf/lib/mno-hw-mul/libsmallc.a(lib_a-int_errno.o)

Memory Configuration

Name             Origin             Length             Attributes
reset            0x0000000000008000 0x0000000000000020
onchip_memory2_0 0x0000000000008020 0x0000000000006188
*default*        0x0000000000000000 0xffffffffffffffff

Linker script and memory map

LOAD /home/engineer/GIT/FPGA/PROJECTS/NIOSII/software/hello_bsp/obj/HAL/src/crt0.o
LOAD obj/default/hello_world.o
LOAD /home/engineer/intelFPGA/16.1/nios2eds/bin/gnu/H-x86_64-pc-linux-gnu/bin/../lib/gcc/nios2-elf/5.3.0/../../../../../H-x86_64-pc-linux-gnu/nios2-elf/lib/mno-hw-mul/libstdc++.a
LOAD /home/engineer/intelFPGA/16.1/nios2eds/bin/gnu/H-x86_64-pc-linux-gnu/bin/../lib/gcc/nios2-elf/5.3.0/../../../../../H-x86_64-pc-linux-gnu/nios2-elf/lib/mno-hw-mul/libm.a
LOAD /home/engineer/intelFPGA/16.1/nios2eds/bin/gnu/H-x86_64-pc-linux-gnu/bin/../lib/gcc/nios2-elf/5.3.0/mno-hw-mul/libgcc.a
START GROUP
LOAD /home/engineer/intelFPGA/16.1/nios2eds/bin/gnu/H-x86_64-pc-linux-gnu/bin/../lib/gcc/nios2-elf/5.3.0/../../../../../H-x86_64-pc-linux-gnu/nios2-elf/lib/mno-hw-mul/libsmallc.a
LOAD /home/engineer/intelFPGA/16.1/nios2eds/bin/gnu/H-x86_64-pc-linux-gnu/bin/../lib/gcc/nios2-elf/5.3.0/mno-hw-mul/libgcc.a
LOAD /home/engineer/GIT/FPGA/PROJECTS/NIOSII/software/hello_bsp/libhal_bsp.a
LOAD /home/engineer/intelFPGA/16.1/nios2eds/bin/gnu/H-x86_64-pc-linux-gnu/bin/../lib/gcc/nios2-elf/5.3.0/../../../../../H-x86_64-pc-linux-gnu/nios2-elf/lib/mno-hw-mul/libm.a
END GROUP
LOAD /home/engineer/intelFPGA/16.1/nios2eds/bin/gnu/H-x86_64-pc-linux-gnu/bin/../lib/gcc/nios2-elf/5.3.0/mno-hw-mul/libgcc.a
                0x0000000000008000                __alt_mem_onchip_memory2_0 = 0x8000

.entry          0x0000000000008000       0x20
 *(.entry)
 .entry         0x0000000000008000       0x20 /home/engineer/GIT/FPGA/PROJECTS/NIOSII/software/hello_bsp/obj/HAL/src/crt0.o
                0x0000000000008000                __reset

.exceptions     0x0000000000008020        0x0
                0x0000000000008020                PROVIDE (__ram_exceptions_start, ABSOLUTE (.))
                0x0000000000008020                . = ALIGN (0x20)
 *(.irq)
 *(.exceptions.entry.label)
 *(.exceptions.entry.user)
 *(.exceptions.entry.ecc_fatal)
 *(.exceptions.entry)
 *(.exceptions.irqtest.user)
 *(.exceptions.irqtest)
 *(.exceptions.irqhandler.user)
 *(.exceptions.irqhandler)
 *(.exceptions.irqreturn.user)
 *(.exceptions.irqreturn)
 *(.exceptions.notirq.label)
 *(.exceptions.notirq.user)
 *(.exceptions.notirq)
 *(.exceptions.soft.user)
 *(.exceptions.soft)
 *(.exceptions.unknown.user)
 *(.exceptions.unknown)
 *(.exceptions.exit.label)
 *(.exceptions.exit.user)
 *(.exceptions.exit)
 *(.exceptions)
                0x0000000000008020                PROVIDE (__ram_exceptions_end, ABSOLUTE (.))
                0x0000000000008020                PROVIDE (__flash_exceptions_start, LOADADDR (.exceptions))

.text           0x0000000000008020     0x1568
                [!provide]                        PROVIDE (stext, ABSOLUTE (.))
 *(.interp)
 *(.hash)
 *(.dynsym)
 *(.dynstr)
 *(.gnu.version)
 *(.gnu.version_d)
 *(.gnu.version_r)
 *(.rel.init)
 *(.rela.init)
 *(.rel.text .rel.text.* .rel.gnu.linkonce.t.*)
 *(.rela.text .rela.text.* .rela.gnu.linkonce.t.*)
 *(.rel.fini)
 *(.rela.fini)
 *(.rel.rodata .rel.rodata.* .rel.gnu.linkonce.r.*)
 *(.rela.rodata .rela.rodata.* .rela.gnu.linkonce.r.*)
 *(.rel.data .rel.data.* .rel.gnu.linkonce.d.*)
 *(.rela.data .rela.data.* .rela.gnu.linkonce.d.*)
 *(.rel.tdata .rel.tdata.* .rel.gnu.linkonce.td.*)
 *(.rela.tdata .rela.tdata.* .rela.gnu.linkonce.td.*)
 *(.rel.tbss .rel.tbss.* .rel.gnu.linkonce.tb.*)
 *(.rela.tbss .rela.tbss.* .rela.gnu.linkonce.tb.*)
 *(.rel.ctors)
 *(.rela.ctors)
 *(.rel.dtors)
 *(.rela.dtors)
 *(.rel.got)
 *(.rela.got)
 *(.rel.sdata .rel.sdata.* .rel.gnu.linkonce.s.*)
 *(.rela.sdata .rela.sdata.* .rela.gnu.linkonce.s.*)
 *(.rel.sbss .rel.sbss.* .rel.gnu.linkonce.sb.*)
 *(.rela.sbss .rela.sbss.* .rela.gnu.linkonce.sb.*)
 *(.rel.sdata2 .rel.sdata2.* .rel.gnu.linkonce.s2.*)
 *(.rela.sdata2 .rela.sdata2.* .rela.gnu.linkonce.s2.*)
 *(.rel.sbss2 .rel.sbss2.* .rel.gnu.linkonce.sb2.*)
 *(.rela.sbss2 .rela.sbss2.* .rela.gnu.linkonce.sb2.*)
 *(.rel.bss .rel.bss.* .rel.gnu.linkonce.b.*)
 *(.rela.bss .rela.bss.* .rela.gnu.linkonce.b.*)
 *(.rel.plt)
 *(.rela.plt)
 *(.rel.dyn)
 *(.init)
 *(.plt)
 *(.text .stub .text.* .gnu.linkonce.t.*)
 .text          0x0000000000008020       0x3c /home/engineer/GIT/FPGA/PROJECTS/NIOSII/software/hello_bsp/obj/HAL/src/crt0.o
                0x0000000000008020                _start
 .text          0x000000000000805c       0x34 obj/default/hello_world.o
                0x000000000000805c                main
 .text          0x0000000000008090        0x0 /home/engineer/intelFPGA/16.1/nios2eds/bin/gnu/H-x86_64-pc-linux-gnu/bin/../lib/gcc/nios2-elf/5.3.0/../../../../../H-x86_64-pc-linux-gnu/nios2-elf/lib/mno-hw-mul/libsmallc.a(lib_a-puts.o)
 .text._puts_r  0x0000000000008090       0x80 /home/engineer/intelFPGA/16.1/nios2eds/bin/gnu/H-x86_64-pc-linux-gnu/bin/../lib/gcc/nios2-elf/5.3.0/../../../../../H-x86_64-pc-linux-gnu/nios2-elf/lib/mno-hw-mul/libsmallc.a(lib_a-puts.o)
                0x0000000000008090                _puts_r
 .text.puts     0x0000000000008110       0x14 /home/engineer/intelFPGA/16.1/nios2eds/bin/gnu/H-x86_64-pc-linux-gnu/bin/../lib/gcc/nios2-elf/5.3.0/../../../../../H-x86_64-pc-linux-gnu/nios2-elf/lib/mno-hw-mul/libsmallc.a(lib_a-puts.o)
                0x0000000000008110                puts
 .text          0x0000000000008124        0x0 /home/engineer/intelFPGA/16.1/nios2eds/bin/gnu/H-x86_64-pc-linux-gnu/bin/../lib/gcc/nios2-elf/5.3.0/../../../../../H-x86_64-pc-linux-gnu/nios2-elf/lib/mno-hw-mul/libsmallc.a(lib_a-strlen.o)
 .text.strlen   0x0000000000008124       0x1c /home/engineer/intelFPGA/16.1/nios2eds/bin/gnu/H-x86_64-pc-linux-gnu/bin/../lib/gcc/nios2-elf/5.3.0/../../../../../H-x86_64-pc-linux-gnu/nios2-elf/lib/mno-hw-mul/libsmallc.a(lib_a-strlen.o)
                0x0000000000008124                strlen
 .text          0x0000000000008140        0x0 /home/engineer/intelFPGA/16.1/nios2eds/bin/gnu/H-x86_64-pc-linux-gnu/bin/../lib/gcc/nios2-elf/5.3.0/../../../../../H-x86_64-pc-linux-gnu/nios2-elf/lib/mno-hw-mul/libsmallc.a(lib_a-fvwrite_small_dev.o)
 .text.__sfvwrite_small_dev
                0x0000000000008140       0xb8 /home/engineer/intelFPGA/16.1/nios2eds/bin/gnu/H-x86_64-pc-linux-gnu/bin/../lib/gcc/nios2-elf/5.3.0/../../../../../H-x86_64-pc-linux-gnu/nios2-elf/lib/mno-hw-mul/libsmallc.a(lib_a-fvwrite_small_dev.o)
                0x0000000000008140                __sfvwrite_small_dev
 .text          0x00000000000081f8        0x0 /home/engineer/intelFPGA/16.1/nios2eds/bin/gnu/H-x86_64-pc-linux-gnu/bin/../lib/gcc/nios2-elf/5.3.0/../../../../../H-x86_64-pc-linux-gnu/nios2-elf/lib/mno-hw-mul/libsmallc.a(lib_a-impure.o)
 .text          0x00000000000081f8        0x0 /home/engineer/intelFPGA/16.1/nios2eds/bin/gnu/H-x86_64-pc-linux-gnu/bin/../lib/gcc/nios2-elf/5.3.0/../../../../../H-x86_64-pc-linux-gnu/nios2-elf/lib/mno-hw-mul/libsmallc.a(lib_a-writer.o)
 .text._write_r
                0x00000000000081f8       0x58 /home/engineer/intelFPGA/16.1/nios2eds/bin/gnu/H-x86_64-pc-linux-gnu/bin/../lib/gcc/nios2-elf/5.3.0/../../../../../H-x86_64-pc-linux-gnu/nios2-elf/lib/mno-hw-mul/libsmallc.a(lib_a-writer.o)
                0x00000000000081f8                _write_r
 .text          0x0000000000008250        0x0 /home/engineer/intelFPGA/16.1/nios2eds/bin/gnu/H-x86_64-pc-linux-gnu/bin/../lib/gcc/nios2-elf/5.3.0/../../../../../H-x86_64-pc-linux-gnu/nios2-elf/lib/mno-hw-mul/libsmallc.a(lib_a-int_errno.o)
 .text          0x0000000000008250       0xec /home/engineer/GIT/FPGA/PROJECTS/NIOSII/software/hello_bsp/libhal_bsp.a(alt_load.o)
                0x00000000000082b8                alt_load
 .text          0x000000000000833c       0x7c /home/engineer/GIT/FPGA/PROJECTS/NIOSII/software/hello_bsp/libhal_bsp.a(alt_main.o)
                0x000000000000833c                alt_main
 .text          0x00000000000083b8      0x13c /home/engineer/GIT/FPGA/PROJECTS/NIOSII/software/hello_bsp/libhal_bsp.a(alt_write.o)
                0x00000000000083f4                write
 .text          0x00000000000084f4       0xa4 /home/engineer/GIT/FPGA/PROJECTS/NIOSII/software/hello_bsp/libhal_bsp.a(alt_sys_init.o)
                0x0000000000008528                alt_irq_init
                0x0000000000008560                alt_sys_init
 .text          0x0000000000008598       0xc0 /home/engineer/GIT/FPGA/PROJECTS/NIOSII/software/hello_bsp/libhal_bsp.a(altera_avalon_jtag_uart_fd.o)
                0x0000000000008598                altera_avalon_jtag_uart_read_fd
                0x00000000000085f8                altera_avalon_jtag_uart_write_fd
 .text          0x0000000000008658       0xec /home/engineer/GIT/FPGA/PROJECTS/NIOSII/software/hello_bsp/libhal_bsp.a(altera_avalon_jtag_uart_read.o)
                0x0000000000008658                altera_avalon_jtag_uart_read
 .text          0x0000000000008744       0x94 /home/engineer/GIT/FPGA/PROJECTS/NIOSII/software/hello_bsp/libhal_bsp.a(altera_avalon_jtag_uart_write.o)
                0x0000000000008744                altera_avalon_jtag_uart_write
 .text          0x00000000000087d8      0x114 /home/engineer/GIT/FPGA/PROJECTS/NIOSII/software/hello_bsp/libhal_bsp.a(alt_close.o)
                0x0000000000008814                close
 .text          0x00000000000088ec       0x20 /home/engineer/GIT/FPGA/PROJECTS/NIOSII/software/hello_bsp/libhal_bsp.a(alt_dcache_flush_all.o)
                0x00000000000088ec                alt_dcache_flush_all
 .text          0x000000000000890c       0x2c /home/engineer/GIT/FPGA/PROJECTS/NIOSII/software/hello_bsp/libhal_bsp.a(alt_dev.o)
 .text          0x0000000000008938       0xe0 /home/engineer/GIT/FPGA/PROJECTS/NIOSII/software/hello_bsp/libhal_bsp.a(alt_dev_llist_insert.o)
                0x0000000000008974                alt_dev_llist_insert
 .text          0x0000000000008a18       0x60 /home/engineer/GIT/FPGA/PROJECTS/NIOSII/software/hello_bsp/libhal_bsp.a(alt_do_ctors.o)
                0x0000000000008a18                _do_ctors
 .text          0x0000000000008a78       0x60 /home/engineer/GIT/FPGA/PROJECTS/NIOSII/software/hello_bsp/libhal_bsp.a(alt_do_dtors.o)
                0x0000000000008a78                _do_dtors
 .text          0x0000000000008ad8        0x0 /home/engineer/GIT/FPGA/PROJECTS/NIOSII/software/hello_bsp/libhal_bsp.a(alt_errno.o)
 .text          0x0000000000008ad8       0x20 /home/engineer/GIT/FPGA/PROJECTS/NIOSII/software/hello_bsp/libhal_bsp.a(alt_icache_flush_all.o)
                0x0000000000008ad8                alt_icache_flush_all
 .text          0x0000000000008af8      0x160 /home/engineer/GIT/FPGA/PROJECTS/NIOSII/software/hello_bsp/libhal_bsp.a(alt_io_redirect.o)
                0x0000000000008bdc                alt_io_redirect
 .text          0x0000000000008c58      0x284 /home/engineer/GIT/FPGA/PROJECTS/NIOSII/software/hello_bsp/libhal_bsp.a(alt_open.o)
                0x0000000000008d80                open
 .text          0x0000000000008edc       0x84 /home/engineer/GIT/FPGA/PROJECTS/NIOSII/software/hello_bsp/libhal_bsp.a(alt_release_fd.o)
                0x0000000000008edc                alt_release_fd
 .text          0x0000000000008f60       0x24 /home/engineer/GIT/FPGA/PROJECTS/NIOSII/software/hello_bsp/libhal_bsp.a(altera_nios2_gen2_irq.o)
                0x0000000000008f60                altera_nios2_gen2_irq_init
 .text          0x0000000000008f84       0x90 /home/engineer/GIT/FPGA/PROJECTS/NIOSII/software/hello_bsp/libhal_bsp.a(alt_find_dev.o)
                0x0000000000008f84                alt_find_dev
 .text          0x0000000000009014      0x108 /home/engineer/GIT/FPGA/PROJECTS/NIOSII/software/hello_bsp/libhal_bsp.a(alt_find_file.o)
                0x0000000000009014                alt_find_file
 .text          0x000000000000911c       0xc4 /home/engineer/GIT/FPGA/PROJECTS/NIOSII/software/hello_bsp/libhal_bsp.a(alt_get_fd.o)
                0x000000000000911c                alt_get_fd
 .text          0x00000000000091e0        0x0 /home/engineer/intelFPGA/16.1/nios2eds/bin/gnu/H-x86_64-pc-linux-gnu/bin/../lib/gcc/nios2-elf/5.3.0/../../../../../H-x86_64-pc-linux-gnu/nios2-elf/lib/mno-hw-mul/libsmallc.a(lib_a-atexit.o)
 .text.atexit   0x00000000000091e0       0x14 /home/engineer/intelFPGA/16.1/nios2eds/bin/gnu/H-x86_64-pc-linux-gnu/bin/../lib/gcc/nios2-elf/5.3.0/../../../../../H-x86_64-pc-linux-gnu/nios2-elf/lib/mno-hw-mul/libsmallc.a(lib_a-atexit.o)
                0x00000000000091e0                atexit
 .text          0x00000000000091f4        0x0 /home/engineer/intelFPGA/16.1/nios2eds/bin/gnu/H-x86_64-pc-linux-gnu/bin/../lib/gcc/nios2-elf/5.3.0/../../../../../H-x86_64-pc-linux-gnu/nios2-elf/lib/mno-hw-mul/libsmallc.a(lib_a-exit.o)
 .text.exit     0x00000000000091f4       0x20 /home/engineer/intelFPGA/16.1/nios2eds/bin/gnu/H-x86_64-pc-linux-gnu/bin/../lib/gcc/nios2-elf/5.3.0/../../../../../H-x86_64-pc-linux-gnu/nios2-elf/lib/mno-hw-mul/libsmallc.a(lib_a-exit.o)
                0x00000000000091f4                exit
 .text          0x0000000000009214        0x0 /home/engineer/intelFPGA/16.1/nios2eds/bin/gnu/H-x86_64-pc-linux-gnu/bin/../lib/gcc/nios2-elf/5.3.0/../../../../../H-x86_64-pc-linux-gnu/nios2-elf/lib/mno-hw-mul/libsmallc.a(lib_a-memcmp.o)
 .text.memcmp   0x0000000000009214       0x30 /home/engineer/intelFPGA/16.1/nios2eds/bin/gnu/H-x86_64-pc-linux-gnu/bin/../lib/gcc/nios2-elf/5.3.0/../../../../../H-x86_64-pc-linux-gnu/nios2-elf/lib/mno-hw-mul/libsmallc.a(lib_a-memcmp.o)
                0x0000000000009214                memcmp
 .text          0x0000000000009244        0x0 /home/engineer/intelFPGA/16.1/nios2eds/bin/gnu/H-x86_64-pc-linux-gnu/bin/../lib/gcc/nios2-elf/5.3.0/../../../../../H-x86_64-pc-linux-gnu/nios2-elf/lib/mno-hw-mul/libsmallc.a(lib_a-__atexit.o)
 .text.__register_exitproc
                0x0000000000009244      0x158 /home/engineer/intelFPGA/16.1/nios2eds/bin/gnu/H-x86_64-pc-linux-gnu/bin/../lib/gcc/nios2-elf/5.3.0/../../../../../H-x86_64-pc-linux-gnu/nios2-elf/lib/mno-hw-mul/libsmallc.a(lib_a-__atexit.o)
                0x0000000000009244                __register_exitproc
 .text          0x000000000000939c        0x0 /home/engineer/intelFPGA/16.1/nios2eds/bin/gnu/H-x86_64-pc-linux-gnu/bin/../lib/gcc/nios2-elf/5.3.0/../../../../../H-x86_64-pc-linux-gnu/nios2-elf/lib/mno-hw-mul/libsmallc.a(lib_a-__call_atexit.o)
 .text.__call_exitprocs
                0x000000000000939c      0x190 /home/engineer/intelFPGA/16.1/nios2eds/bin/gnu/H-x86_64-pc-linux-gnu/bin/../lib/gcc/nios2-elf/5.3.0/../../../../../H-x86_64-pc-linux-gnu/nios2-elf/lib/mno-hw-mul/libsmallc.a(lib_a-__call_atexit.o)
                0x000000000000939c                __call_exitprocs
 .text          0x000000000000952c       0x28 /home/engineer/intelFPGA/16.1/nios2eds/bin/gnu/H-x86_64-pc-linux-gnu/bin/../lib/gcc/nios2-elf/5.3.0/mno-hw-mul/libgcc.a(lib2-mul.o)
                0x000000000000952c                __mulsi3
 .text          0x0000000000009554       0x34 /home/engineer/GIT/FPGA/PROJECTS/NIOSII/software/hello_bsp/libhal_bsp.a(alt_exit.o)
                0x0000000000009554                _exit
 *(.gnu.warning.*)
 *(.fini)
                [!provide]                        PROVIDE (__etext, ABSOLUTE (.))
                [!provide]                        PROVIDE (_etext, ABSOLUTE (.))
                [!provide]                        PROVIDE (etext, ABSOLUTE (.))
 *(.eh_frame_hdr)
                0x0000000000009588                . = ALIGN (0x4)
                [!provide]                        PROVIDE (__preinit_array_start, ABSOLUTE (.))
 *(.preinit_array)
                [!provide]                        PROVIDE (__preinit_array_end, ABSOLUTE (.))
                [!provide]                        PROVIDE (__init_array_start, ABSOLUTE (.))
 *(.init_array)
                [!provide]                        PROVIDE (__init_array_end, ABSOLUTE (.))
                [!provide]                        PROVIDE (__fini_array_start, ABSOLUTE (.))
 *(.fini_array)
                [!provide]                        PROVIDE (__fini_array_end, ABSOLUTE (.))
 *(.eh_frame)
 *(.gcc_except_table .gcc_except_table.*)
 *(.dynamic)
                0x0000000000009588                PROVIDE (__CTOR_LIST__, ABSOLUTE (.))
 *(.ctors)
 *(SORT(.ctors.*))
                0x0000000000009588                PROVIDE (__CTOR_END__, ABSOLUTE (.))
                0x0000000000009588                PROVIDE (__DTOR_LIST__, ABSOLUTE (.))
 *(.dtors)
 *(SORT(.dtors.*))
                0x0000000000009588                PROVIDE (__DTOR_END__, ABSOLUTE (.))
 *(.jcr)
                0x0000000000009588                . = ALIGN (0x4)

.rodata         0x0000000000009588       0x4c
                0x0000000000009588                PROVIDE (__ram_rodata_start, ABSOLUTE (.))
                0x0000000000009588                . = ALIGN (0x4)
 *(.rodata .rodata.* .gnu.linkonce.r.*)
 .rodata        0x0000000000009588       0x14 obj/default/hello_world.o
 .rodata.str1.4
                0x000000000000959c        0x4 /home/engineer/intelFPGA/16.1/nios2eds/bin/gnu/H-x86_64-pc-linux-gnu/bin/../lib/gcc/nios2-elf/5.3.0/../../../../../H-x86_64-pc-linux-gnu/nios2-elf/lib/mno-hw-mul/libsmallc.a(lib_a-puts.o)
                                          0x2 (size before relaxing)
 .rodata        0x00000000000095a0       0x11 /home/engineer/GIT/FPGA/PROJECTS/NIOSII/software/hello_bsp/libhal_bsp.a(alt_main.o)
 *fill*         0x00000000000095b1        0x3 
 .rodata        0x00000000000095b4       0x11 /home/engineer/GIT/FPGA/PROJECTS/NIOSII/software/hello_bsp/libhal_bsp.a(alt_sys_init.o)
 *fill*         0x00000000000095c5        0x3 
 .rodata        0x00000000000095c8        0xa /home/engineer/GIT/FPGA/PROJECTS/NIOSII/software/hello_bsp/libhal_bsp.a(alt_dev.o)
 *(.rodata1)
                0x00000000000095d4                . = ALIGN (0x4)
 *fill*         0x00000000000095d2        0x2 
                0x00000000000095d4                PROVIDE (__ram_rodata_end, ABSOLUTE (.))
                0x0000000000009588                PROVIDE (__flash_rodata_start, LOADADDR (.rodata))

.rwdata         0x00000000000095d4      0x2d4 load address 0x00000000000098a8
                0x00000000000095d4                PROVIDE (__ram_rwdata_start, ABSOLUTE (.))
                0x00000000000095d4                . = ALIGN (0x4)
 *(.got.plt)
 *(.got)
 *(.data1)
 *(.data .data.* .gnu.linkonce.d.*)
 .data          0x00000000000095d4        0x0 /home/engineer/GIT/FPGA/PROJECTS/NIOSII/software/hello_bsp/obj/HAL/src/crt0.o
 .data          0x00000000000095d4        0x0 obj/default/hello_world.o
 .data          0x00000000000095d4        0x0 /home/engineer/intelFPGA/16.1/nios2eds/bin/gnu/H-x86_64-pc-linux-gnu/bin/../lib/gcc/nios2-elf/5.3.0/../../../../../H-x86_64-pc-linux-gnu/nios2-elf/lib/mno-hw-mul/libsmallc.a(lib_a-puts.o)
 .data          0x00000000000095d4        0x0 /home/engineer/intelFPGA/16.1/nios2eds/bin/gnu/H-x86_64-pc-linux-gnu/bin/../lib/gcc/nios2-elf/5.3.0/../../../../../H-x86_64-pc-linux-gnu/nios2-elf/lib/mno-hw-mul/libsmallc.a(lib_a-strlen.o)
 .data          0x00000000000095d4        0x0 /home/engineer/intelFPGA/16.1/nios2eds/bin/gnu/H-x86_64-pc-linux-gnu/bin/../lib/gcc/nios2-elf/5.3.0/../../../../../H-x86_64-pc-linux-gnu/nios2-elf/lib/mno-hw-mul/libsmallc.a(lib_a-fvwrite_small_dev.o)
 .data          0x00000000000095d4        0x0 /home/engineer/intelFPGA/16.1/nios2eds/bin/gnu/H-x86_64-pc-linux-gnu/bin/../lib/gcc/nios2-elf/5.3.0/../../../../../H-x86_64-pc-linux-gnu/nios2-elf/lib/mno-hw-mul/libsmallc.a(lib_a-impure.o)
 .data.impure_data
                0x00000000000095d4       0xe0 /home/engineer/intelFPGA/16.1/nios2eds/bin/gnu/H-x86_64-pc-linux-gnu/bin/../lib/gcc/nios2-elf/5.3.0/../../../../../H-x86_64-pc-linux-gnu/nios2-elf/lib/mno-hw-mul/libsmallc.a(lib_a-impure.o)
 .data          0x00000000000096b4        0x0 /home/engineer/intelFPGA/16.1/nios2eds/bin/gnu/H-x86_64-pc-linux-gnu/bin/../lib/gcc/nios2-elf/5.3.0/../../../../../H-x86_64-pc-linux-gnu/nios2-elf/lib/mno-hw-mul/libsmallc.a(lib_a-writer.o)
 .data          0x00000000000096b4        0x0 /home/engineer/intelFPGA/16.1/nios2eds/bin/gnu/H-x86_64-pc-linux-gnu/bin/../lib/gcc/nios2-elf/5.3.0/../../../../../H-x86_64-pc-linux-gnu/nios2-elf/lib/mno-hw-mul/libsmallc.a(lib_a-int_errno.o)
 .data          0x00000000000096b4        0x0 /home/engineer/GIT/FPGA/PROJECTS/NIOSII/software/hello_bsp/libhal_bsp.a(alt_load.o)
 .data          0x00000000000096b4        0x0 /home/engineer/GIT/FPGA/PROJECTS/NIOSII/software/hello_bsp/libhal_bsp.a(alt_main.o)
 .data          0x00000000000096b4        0x0 /home/engineer/GIT/FPGA/PROJECTS/NIOSII/software/hello_bsp/libhal_bsp.a(alt_write.o)
 .data          0x00000000000096b4       0x2c /home/engineer/GIT/FPGA/PROJECTS/NIOSII/software/hello_bsp/libhal_bsp.a(alt_sys_init.o)
 .data          0x00000000000096e0        0x0 /home/engineer/GIT/FPGA/PROJECTS/NIOSII/software/hello_bsp/libhal_bsp.a(altera_avalon_jtag_uart_fd.o)
 .data          0x00000000000096e0        0x0 /home/engineer/GIT/FPGA/PROJECTS/NIOSII/software/hello_bsp/libhal_bsp.a(altera_avalon_jtag_uart_read.o)
 .data          0x00000000000096e0        0x0 /home/engineer/GIT/FPGA/PROJECTS/NIOSII/software/hello_bsp/libhal_bsp.a(altera_avalon_jtag_uart_write.o)
 .data          0x00000000000096e0        0x0 /home/engineer/GIT/FPGA/PROJECTS/NIOSII/software/hello_bsp/libhal_bsp.a(alt_close.o)
 .data          0x00000000000096e0        0x0 /home/engineer/GIT/FPGA/PROJECTS/NIOSII/software/hello_bsp/libhal_bsp.a(alt_dcache_flush_all.o)
 .data          0x00000000000096e0      0x1a8 /home/engineer/GIT/FPGA/PROJECTS/NIOSII/software/hello_bsp/libhal_bsp.a(alt_dev.o)
                0x00000000000096e0                alt_dev_null
                0x0000000000009708                alt_fd_list
 .data          0x0000000000009888        0x0 /home/engineer/GIT/FPGA/PROJECTS/NIOSII/software/hello_bsp/libhal_bsp.a(alt_dev_llist_insert.o)
 .data          0x0000000000009888        0x0 /home/engineer/GIT/FPGA/PROJECTS/NIOSII/software/hello_bsp/libhal_bsp.a(alt_do_ctors.o)
 .data          0x0000000000009888        0x0 /home/engineer/GIT/FPGA/PROJECTS/NIOSII/software/hello_bsp/libhal_bsp.a(alt_do_dtors.o)
 .data          0x0000000000009888        0x0 /home/engineer/GIT/FPGA/PROJECTS/NIOSII/software/hello_bsp/libhal_bsp.a(alt_errno.o)
 .data          0x0000000000009888        0x0 /home/engineer/GIT/FPGA/PROJECTS/NIOSII/software/hello_bsp/libhal_bsp.a(alt_icache_flush_all.o)
 .data          0x0000000000009888        0x0 /home/engineer/GIT/FPGA/PROJECTS/NIOSII/software/hello_bsp/libhal_bsp.a(alt_io_redirect.o)
 .data          0x0000000000009888        0x0 /home/engineer/GIT/FPGA/PROJECTS/NIOSII/software/hello_bsp/libhal_bsp.a(alt_open.o)
 .data          0x0000000000009888        0x0 /home/engineer/GIT/FPGA/PROJECTS/NIOSII/software/hello_bsp/libhal_bsp.a(alt_release_fd.o)
 .data          0x0000000000009888        0x0 /home/engineer/GIT/FPGA/PROJECTS/NIOSII/software/hello_bsp/libhal_bsp.a(altera_nios2_gen2_irq.o)
 .data          0x0000000000009888        0x0 /home/engineer/GIT/FPGA/PROJECTS/NIOSII/software/hello_bsp/libhal_bsp.a(alt_find_dev.o)
 .data          0x0000000000009888        0x0 /home/engineer/GIT/FPGA/PROJECTS/NIOSII/software/hello_bsp/libhal_bsp.a(alt_find_file.o)
 .data          0x0000000000009888        0x0 /home/engineer/GIT/FPGA/PROJECTS/NIOSII/software/hello_bsp/libhal_bsp.a(alt_get_fd.o)
 .data          0x0000000000009888        0x0 /home/engineer/intelFPGA/16.1/nios2eds/bin/gnu/H-x86_64-pc-linux-gnu/bin/../lib/gcc/nios2-elf/5.3.0/../../../../../H-x86_64-pc-linux-gnu/nios2-elf/lib/mno-hw-mul/libsmallc.a(lib_a-atexit.o)
 .data          0x0000000000009888        0x0 /home/engineer/intelFPGA/16.1/nios2eds/bin/gnu/H-x86_64-pc-linux-gnu/bin/../lib/gcc/nios2-elf/5.3.0/../../../../../H-x86_64-pc-linux-gnu/nios2-elf/lib/mno-hw-mul/libsmallc.a(lib_a-exit.o)
 .data          0x0000000000009888        0x0 /home/engineer/intelFPGA/16.1/nios2eds/bin/gnu/H-x86_64-pc-linux-gnu/bin/../lib/gcc/nios2-elf/5.3.0/../../../../../H-x86_64-pc-linux-gnu/nios2-elf/lib/mno-hw-mul/libsmallc.a(lib_a-memcmp.o)
 .data          0x0000000000009888        0x0 /home/engineer/intelFPGA/16.1/nios2eds/bin/gnu/H-x86_64-pc-linux-gnu/bin/../lib/gcc/nios2-elf/5.3.0/../../../../../H-x86_64-pc-linux-gnu/nios2-elf/lib/mno-hw-mul/libsmallc.a(lib_a-__atexit.o)
 .data          0x0000000000009888        0x0 /home/engineer/intelFPGA/16.1/nios2eds/bin/gnu/H-x86_64-pc-linux-gnu/bin/../lib/gcc/nios2-elf/5.3.0/../../../../../H-x86_64-pc-linux-gnu/nios2-elf/lib/mno-hw-mul/libsmallc.a(lib_a-__call_atexit.o)
 .data          0x0000000000009888        0x0 /home/engineer/intelFPGA/16.1/nios2eds/bin/gnu/H-x86_64-pc-linux-gnu/bin/../lib/gcc/nios2-elf/5.3.0/mno-hw-mul/libgcc.a(lib2-mul.o)
 .data          0x0000000000009888        0x0 /home/engineer/GIT/FPGA/PROJECTS/NIOSII/software/hello_bsp/libhal_bsp.a(alt_exit.o)
                0x0000000000011888                _gp = ABSOLUTE ((. + 0x8000))
                [!provide]                        PROVIDE (gp, _gp)
 *(.rwdata .rwdata.*)
 *(.sdata .sdata.* .gnu.linkonce.s.*)
 .sdata._global_impure_ptr
                0x0000000000009888        0x4 /home/engineer/intelFPGA/16.1/nios2eds/bin/gnu/H-x86_64-pc-linux-gnu/bin/../lib/gcc/nios2-elf/5.3.0/../../../../../H-x86_64-pc-linux-gnu/nios2-elf/lib/mno-hw-mul/libsmallc.a(lib_a-impure.o)
                0x0000000000009888                _global_impure_ptr
 .sdata._impure_ptr
                0x000000000000988c        0x4 /home/engineer/intelFPGA/16.1/nios2eds/bin/gnu/H-x86_64-pc-linux-gnu/bin/../lib/gcc/nios2-elf/5.3.0/../../../../../H-x86_64-pc-linux-gnu/nios2-elf/lib/mno-hw-mul/libsmallc.a(lib_a-impure.o)
                0x000000000000988c                _impure_ptr
 .sdata         0x0000000000009890       0x14 /home/engineer/GIT/FPGA/PROJECTS/NIOSII/software/hello_bsp/libhal_bsp.a(alt_dev.o)
                0x0000000000009890                alt_fs_list
                0x0000000000009898                alt_dev_list
                0x00000000000098a0                alt_max_fd
 .sdata         0x00000000000098a4        0x4 /home/engineer/GIT/FPGA/PROJECTS/NIOSII/software/hello_bsp/libhal_bsp.a(alt_errno.o)
                0x00000000000098a4                alt_errno
 *(.sdata2 .sdata2.* .gnu.linkonce.s2.*)
                0x00000000000098a8                . = ALIGN (0x4)
                0x00000000000098a8                _edata = ABSOLUTE (.)
                [!provide]                        PROVIDE (edata, ABSOLUTE (.))
                0x00000000000098a8                PROVIDE (__ram_rwdata_end, ABSOLUTE (.))
                0x00000000000098a8                PROVIDE (__flash_rwdata_start, LOADADDR (.rwdata))

.bss            0x0000000000009b7c       0x10
                0x0000000000009b7c                __bss_start = ABSOLUTE (.)
                [!provide]                        PROVIDE (__sbss_start, ABSOLUTE (.))
                [!provide]                        PROVIDE (___sbss_start, ABSOLUTE (.))
 *(.dynsbss)
 *(.sbss .sbss.* .gnu.linkonce.sb.*)
 .sbss          0x0000000000009b7c        0x4 /home/engineer/intelFPGA/16.1/nios2eds/bin/gnu/H-x86_64-pc-linux-gnu/bin/../lib/gcc/nios2-elf/5.3.0/../../../../../H-x86_64-pc-linux-gnu/nios2-elf/lib/mno-hw-mul/libsmallc.a(lib_a-int_errno.o)
                0x0000000000009b7c                errno
 .sbss          0x0000000000009b80        0xc /home/engineer/GIT/FPGA/PROJECTS/NIOSII/software/hello_bsp/libhal_bsp.a(alt_main.o)
                0x0000000000009b80                alt_argc
                0x0000000000009b84                alt_argv
                0x0000000000009b88                alt_envp
 *(.sbss2 .sbss2.* .gnu.linkonce.sb2.*)
 *(.scommon)
                [!provide]                        PROVIDE (__sbss_end, ABSOLUTE (.))
                [!provide]                        PROVIDE (___sbss_end, ABSOLUTE (.))
 *(.dynbss)
 *(.bss .bss.* .gnu.linkonce.b.*)
 .bss           0x0000000000009b8c        0x0 /home/engineer/GIT/FPGA/PROJECTS/NIOSII/software/hello_bsp/obj/HAL/src/crt0.o
 .bss           0x0000000000009b8c        0x0 obj/default/hello_world.o
 .bss           0x0000000000009b8c        0x0 /home/engineer/intelFPGA/16.1/nios2eds/bin/gnu/H-x86_64-pc-linux-gnu/bin/../lib/gcc/nios2-elf/5.3.0/../../../../../H-x86_64-pc-linux-gnu/nios2-elf/lib/mno-hw-mul/libsmallc.a(lib_a-puts.o)
 .bss           0x0000000000009b8c        0x0 /home/engineer/intelFPGA/16.1/nios2eds/bin/gnu/H-x86_64-pc-linux-gnu/bin/../lib/gcc/nios2-elf/5.3.0/../../../../../H-x86_64-pc-linux-gnu/nios2-elf/lib/mno-hw-mul/libsmallc.a(lib_a-strlen.o)
 .bss           0x0000000000009b8c        0x0 /home/engineer/intelFPGA/16.1/nios2eds/bin/gnu/H-x86_64-pc-linux-gnu/bin/../lib/gcc/nios2-elf/5.3.0/../../../../../H-x86_64-pc-linux-gnu/nios2-elf/lib/mno-hw-mul/libsmallc.a(lib_a-fvwrite_small_dev.o)
 .bss           0x0000000000009b8c        0x0 /home/engineer/intelFPGA/16.1/nios2eds/bin/gnu/H-x86_64-pc-linux-gnu/bin/../lib/gcc/nios2-elf/5.3.0/../../../../../H-x86_64-pc-linux-gnu/nios2-elf/lib/mno-hw-mul/libsmallc.a(lib_a-impure.o)
 .bss           0x0000000000009b8c        0x0 /home/engineer/intelFPGA/16.1/nios2eds/bin/gnu/H-x86_64-pc-linux-gnu/bin/../lib/gcc/nios2-elf/5.3.0/../../../../../H-x86_64-pc-linux-gnu/nios2-elf/lib/mno-hw-mul/libsmallc.a(lib_a-writer.o)
 .bss           0x0000000000009b8c        0x0 /home/engineer/intelFPGA/16.1/nios2eds/bin/gnu/H-x86_64-pc-linux-gnu/bin/../lib/gcc/nios2-elf/5.3.0/../../../../../H-x86_64-pc-linux-gnu/nios2-elf/lib/mno-hw-mul/libsmallc.a(lib_a-int_errno.o)
 .bss           0x0000000000009b8c        0x0 /home/engineer/GIT/FPGA/PROJECTS/NIOSII/software/hello_bsp/libhal_bsp.a(alt_load.o)
 .bss           0x0000000000009b8c        0x0 /home/engineer/GIT/FPGA/PROJECTS/NIOSII/software/hello_bsp/libhal_bsp.a(alt_main.o)
 .bss           0x0000000000009b8c        0x0 /home/engineer/GIT/FPGA/PROJECTS/NIOSII/software/hello_bsp/libhal_bsp.a(alt_write.o)
 .bss           0x0000000000009b8c        0x0 /home/engineer/GIT/FPGA/PROJECTS/NIOSII/software/hello_bsp/libhal_bsp.a(alt_sys_init.o)
 .bss           0x0000000000009b8c        0x0 /home/engineer/GIT/FPGA/PROJECTS/NIOSII/software/hello_bsp/libhal_bsp.a(altera_avalon_jtag_uart_fd.o)
 .bss           0x0000000000009b8c        0x0 /home/engineer/GIT/FPGA/PROJECTS/NIOSII/software/hello_bsp/libhal_bsp.a(altera_avalon_jtag_uart_read.o)
 .bss           0x0000000000009b8c        0x0 /home/engineer/GIT/FPGA/PROJECTS/NIOSII/software/hello_bsp/libhal_bsp.a(altera_avalon_jtag_uart_write.o)
 .bss           0x0000000000009b8c        0x0 /home/engineer/GIT/FPGA/PROJECTS/NIOSII/software/hello_bsp/libhal_bsp.a(alt_close.o)
 .bss           0x0000000000009b8c        0x0 /home/engineer/GIT/FPGA/PROJECTS/NIOSII/software/hello_bsp/libhal_bsp.a(alt_dcache_flush_all.o)
 .bss           0x0000000000009b8c        0x0 /home/engineer/GIT/FPGA/PROJECTS/NIOSII/software/hello_bsp/libhal_bsp.a(alt_dev.o)
 .bss           0x0000000000009b8c        0x0 /home/engineer/GIT/FPGA/PROJECTS/NIOSII/software/hello_bsp/libhal_bsp.a(alt_dev_llist_insert.o)
 .bss           0x0000000000009b8c        0x0 /home/engineer/GIT/FPGA/PROJECTS/NIOSII/software/hello_bsp/libhal_bsp.a(alt_do_ctors.o)
 .bss           0x0000000000009b8c        0x0 /home/engineer/GIT/FPGA/PROJECTS/NIOSII/software/hello_bsp/libhal_bsp.a(alt_do_dtors.o)
 .bss           0x0000000000009b8c        0x0 /home/engineer/GIT/FPGA/PROJECTS/NIOSII/software/hello_bsp/libhal_bsp.a(alt_errno.o)
 .bss           0x0000000000009b8c        0x0 /home/engineer/GIT/FPGA/PROJECTS/NIOSII/software/hello_bsp/libhal_bsp.a(alt_icache_flush_all.o)
 .bss           0x0000000000009b8c        0x0 /home/engineer/GIT/FPGA/PROJECTS/NIOSII/software/hello_bsp/libhal_bsp.a(alt_io_redirect.o)
 .bss           0x0000000000009b8c        0x0 /home/engineer/GIT/FPGA/PROJECTS/NIOSII/software/hello_bsp/libhal_bsp.a(alt_open.o)
 .bss           0x0000000000009b8c        0x0 /home/engineer/GIT/FPGA/PROJECTS/NIOSII/software/hello_bsp/libhal_bsp.a(alt_release_fd.o)
 .bss           0x0000000000009b8c        0x0 /home/engineer/GIT/FPGA/PROJECTS/NIOSII/software/hello_bsp/libhal_bsp.a(altera_nios2_gen2_irq.o)
 .bss           0x0000000000009b8c        0x0 /home/engineer/GIT/FPGA/PROJECTS/NIOSII/software/hello_bsp/libhal_bsp.a(alt_find_dev.o)
 .bss           0x0000000000009b8c        0x0 /home/engineer/GIT/FPGA/PROJECTS/NIOSII/software/hello_bsp/libhal_bsp.a(alt_find_file.o)
 .bss           0x0000000000009b8c        0x0 /home/engineer/GIT/FPGA/PROJECTS/NIOSII/software/hello_bsp/libhal_bsp.a(alt_get_fd.o)
 .bss           0x0000000000009b8c        0x0 /home/engineer/intelFPGA/16.1/nios2eds/bin/gnu/H-x86_64-pc-linux-gnu/bin/../lib/gcc/nios2-elf/5.3.0/../../../../../H-x86_64-pc-linux-gnu/nios2-elf/lib/mno-hw-mul/libsmallc.a(lib_a-atexit.o)
 .bss           0x0000000000009b8c        0x0 /home/engineer/intelFPGA/16.1/nios2eds/bin/gnu/H-x86_64-pc-linux-gnu/bin/../lib/gcc/nios2-elf/5.3.0/../../../../../H-x86_64-pc-linux-gnu/nios2-elf/lib/mno-hw-mul/libsmallc.a(lib_a-exit.o)
 .bss           0x0000000000009b8c        0x0 /home/engineer/intelFPGA/16.1/nios2eds/bin/gnu/H-x86_64-pc-linux-gnu/bin/../lib/gcc/nios2-elf/5.3.0/../../../../../H-x86_64-pc-linux-gnu/nios2-elf/lib/mno-hw-mul/libsmallc.a(lib_a-memcmp.o)
 .bss           0x0000000000009b8c        0x0 /home/engineer/intelFPGA/16.1/nios2eds/bin/gnu/H-x86_64-pc-linux-gnu/bin/../lib/gcc/nios2-elf/5.3.0/../../../../../H-x86_64-pc-linux-gnu/nios2-elf/lib/mno-hw-mul/libsmallc.a(lib_a-__atexit.o)
 .bss           0x0000000000009b8c        0x0 /home/engineer/intelFPGA/16.1/nios2eds/bin/gnu/H-x86_64-pc-linux-gnu/bin/../lib/gcc/nios2-elf/5.3.0/../../../../../H-x86_64-pc-linux-gnu/nios2-elf/lib/mno-hw-mul/libsmallc.a(lib_a-__call_atexit.o)
 .bss           0x0000000000009b8c        0x0 /home/engineer/intelFPGA/16.1/nios2eds/bin/gnu/H-x86_64-pc-linux-gnu/bin/../lib/gcc/nios2-elf/5.3.0/mno-hw-mul/libgcc.a(lib2-mul.o)
 .bss           0x0000000000009b8c        0x0 /home/engineer/GIT/FPGA/PROJECTS/NIOSII/software/hello_bsp/libhal_bsp.a(alt_exit.o)
 *(COMMON)
                0x0000000000009b8c                . = ALIGN (0x4)
                0x0000000000009b8c                __bss_end = ABSOLUTE (.)

.onchip_memory2_0
                0x0000000000009b8c        0x0
                [!provide]                        PROVIDE (_alt_partition_onchip_memory2_0_start, ABSOLUTE (.))
 *(.onchip_memory2_0 .onchip_memory2_0. onchip_memory2_0.*)
                0x0000000000009b8c                . = ALIGN (0x4)
                [!provide]                        PROVIDE (_alt_partition_onchip_memory2_0_end, ABSOLUTE (.))
                0x0000000000009b8c                _end = ABSOLUTE (.)
                0x0000000000009b8c                end = ABSOLUTE (.)
                0x0000000000009b8c                __alt_stack_base = ABSOLUTE (.)
                [!provide]                        PROVIDE (_alt_partition_onchip_memory2_0_load_addr, LOADADDR (.onchip_memory2_0))

.stab
 *(.stab)

.stabstr
 *(.stabstr)

.stab.excl
 *(.stab.excl)

.stab.exclstr
 *(.stab.exclstr)

.stab.index
 *(.stab.index)

.stab.indexstr
 *(.stab.indexstr)

.comment        0x0000000000000000       0x23
 *(.comment)
 .comment       0x0000000000000000       0x23 obj/default/hello_world.o
                                         0x24 (size before relaxing)
 .comment       0x0000000000000023       0x24 /home/engineer/intelFPGA/16.1/nios2eds/bin/gnu/H-x86_64-pc-linux-gnu/bin/../lib/gcc/nios2-elf/5.3.0/../../../../../H-x86_64-pc-linux-gnu/nios2-elf/lib/mno-hw-mul/libsmallc.a(lib_a-puts.o)
 .comment       0x0000000000000023       0x24 /home/engineer/intelFPGA/16.1/nios2eds/bin/gnu/H-x86_64-pc-linux-gnu/bin/../lib/gcc/nios2-elf/5.3.0/../../../../../H-x86_64-pc-linux-gnu/nios2-elf/lib/mno-hw-mul/libsmallc.a(lib_a-strlen.o)
 .comment       0x0000000000000023       0x24 /home/engineer/intelFPGA/16.1/nios2eds/bin/gnu/H-x86_64-pc-linux-gnu/bin/../lib/gcc/nios2-elf/5.3.0/../../../../../H-x86_64-pc-linux-gnu/nios2-elf/lib/mno-hw-mul/libsmallc.a(lib_a-fvwrite_small_dev.o)
 .comment       0x0000000000000023       0x24 /home/engineer/intelFPGA/16.1/nios2eds/bin/gnu/H-x86_64-pc-linux-gnu/bin/../lib/gcc/nios2-elf/5.3.0/../../../../../H-x86_64-pc-linux-gnu/nios2-elf/lib/mno-hw-mul/libsmallc.a(lib_a-impure.o)
 .comment       0x0000000000000023       0x24 /home/engineer/intelFPGA/16.1/nios2eds/bin/gnu/H-x86_64-pc-linux-gnu/bin/../lib/gcc/nios2-elf/5.3.0/../../../../../H-x86_64-pc-linux-gnu/nios2-elf/lib/mno-hw-mul/libsmallc.a(lib_a-writer.o)
 .comment       0x0000000000000023       0x24 /home/engineer/intelFPGA/16.1/nios2eds/bin/gnu/H-x86_64-pc-linux-gnu/bin/../lib/gcc/nios2-elf/5.3.0/../../../../../H-x86_64-pc-linux-gnu/nios2-elf/lib/mno-hw-mul/libsmallc.a(lib_a-int_errno.o)
 .comment       0x0000000000000023       0x24 /home/engineer/GIT/FPGA/PROJECTS/NIOSII/software/hello_bsp/libhal_bsp.a(alt_load.o)
 .comment       0x0000000000000023       0x24 /home/engineer/GIT/FPGA/PROJECTS/NIOSII/software/hello_bsp/libhal_bsp.a(alt_main.o)
 .comment       0x0000000000000023       0x24 /home/engineer/GIT/FPGA/PROJECTS/NIOSII/software/hello_bsp/libhal_bsp.a(alt_write.o)
 .comment       0x0000000000000023       0x24 /home/engineer/GIT/FPGA/PROJECTS/NIOSII/software/hello_bsp/libhal_bsp.a(alt_sys_init.o)
 .comment       0x0000000000000023       0x24 /home/engineer/GIT/FPGA/PROJECTS/NIOSII/software/hello_bsp/libhal_bsp.a(altera_avalon_jtag_uart_fd.o)
 .comment       0x0000000000000023       0x24 /home/engineer/GIT/FPGA/PROJECTS/NIOSII/software/hello_bsp/libhal_bsp.a(altera_avalon_jtag_uart_read.o)
 .comment       0x0000000000000023       0x24 /home/engineer/GIT/FPGA/PROJECTS/NIOSII/software/hello_bsp/libhal_bsp.a(altera_avalon_jtag_uart_write.o)
 .comment       0x0000000000000023       0x24 /home/engineer/GIT/FPGA/PROJECTS/NIOSII/software/hello_bsp/libhal_bsp.a(alt_close.o)
 .comment       0x0000000000000023       0x24 /home/engineer/GIT/FPGA/PROJECTS/NIOSII/software/hello_bsp/libhal_bsp.a(alt_dcache_flush_all.o)
 .comment       0x0000000000000023       0x24 /home/engineer/GIT/FPGA/PROJECTS/NIOSII/software/hello_bsp/libhal_bsp.a(alt_dev.o)
 .comment       0x0000000000000023       0x24 /home/engineer/GIT/FPGA/PROJECTS/NIOSII/software/hello_bsp/libhal_bsp.a(alt_dev_llist_insert.o)
 .comment       0x0000000000000023       0x24 /home/engineer/GIT/FPGA/PROJECTS/NIOSII/software/hello_bsp/libhal_bsp.a(alt_do_ctors.o)
 .comment       0x0000000000000023       0x24 /home/engineer/GIT/FPGA/PROJECTS/NIOSII/software/hello_bsp/libhal_bsp.a(alt_do_dtors.o)
 .comment       0x0000000000000023       0x24 /home/engineer/GIT/FPGA/PROJECTS/NIOSII/software/hello_bsp/libhal_bsp.a(alt_errno.o)
 .comment       0x0000000000000023       0x24 /home/engineer/GIT/FPGA/PROJECTS/NIOSII/software/hello_bsp/libhal_bsp.a(alt_icache_flush_all.o)
 .comment       0x0000000000000023       0x24 /home/engineer/GIT/FPGA/PROJECTS/NIOSII/software/hello_bsp/libhal_bsp.a(alt_io_redirect.o)
 .comment       0x0000000000000023       0x24 /home/engineer/GIT/FPGA/PROJECTS/NIOSII/software/hello_bsp/libhal_bsp.a(alt_open.o)
 .comment       0x0000000000000023       0x24 /home/engineer/GIT/FPGA/PROJECTS/NIOSII/software/hello_bsp/libhal_bsp.a(alt_release_fd.o)
 .comment       0x0000000000000023       0x24 /home/engineer/GIT/FPGA/PROJECTS/NIOSII/software/hello_bsp/libhal_bsp.a(altera_nios2_gen2_irq.o)
 .comment       0x0000000000000023       0x24 /home/engineer/GIT/FPGA/PROJECTS/NIOSII/software/hello_bsp/libhal_bsp.a(alt_find_dev.o)
 .comment       0x0000000000000023       0x24 /home/engineer/GIT/FPGA/PROJECTS/NIOSII/software/hello_bsp/libhal_bsp.a(alt_find_file.o)
 .comment       0x0000000000000023       0x24 /home/engineer/GIT/FPGA/PROJECTS/NIOSII/software/hello_bsp/libhal_bsp.a(alt_get_fd.o)
 .comment       0x0000000000000023       0x24 /home/engineer/intelFPGA/16.1/nios2eds/bin/gnu/H-x86_64-pc-linux-gnu/bin/../lib/gcc/nios2-elf/5.3.0/../../../../../H-x86_64-pc-linux-gnu/nios2-elf/lib/mno-hw-mul/libsmallc.a(lib_a-atexit.o)
 .comment       0x0000000000000023       0x24 /home/engineer/intelFPGA/16.1/nios2eds/bin/gnu/H-x86_64-pc-linux-gnu/bin/../lib/gcc/nios2-elf/5.3.0/../../../../../H-x86_64-pc-linux-gnu/nios2-elf/lib/mno-hw-mul/libsmallc.a(lib_a-exit.o)
 .comment       0x0000000000000023       0x24 /home/engineer/intelFPGA/16.1/nios2eds/bin/gnu/H-x86_64-pc-linux-gnu/bin/../lib/gcc/nios2-elf/5.3.0/../../../../../H-x86_64-pc-linux-gnu/nios2-elf/lib/mno-hw-mul/libsmallc.a(lib_a-memcmp.o)
 .comment       0x0000000000000023       0x24 /home/engineer/intelFPGA/16.1/nios2eds/bin/gnu/H-x86_64-pc-linux-gnu/bin/../lib/gcc/nios2-elf/5.3.0/../../../../../H-x86_64-pc-linux-gnu/nios2-elf/lib/mno-hw-mul/libsmallc.a(lib_a-__atexit.o)
 .comment       0x0000000000000023       0x24 /home/engineer/intelFPGA/16.1/nios2eds/bin/gnu/H-x86_64-pc-linux-gnu/bin/../lib/gcc/nios2-elf/5.3.0/../../../../../H-x86_64-pc-linux-gnu/nios2-elf/lib/mno-hw-mul/libsmallc.a(lib_a-__call_atexit.o)
 .comment       0x0000000000000023       0x24 /home/engineer/intelFPGA/16.1/nios2eds/bin/gnu/H-x86_64-pc-linux-gnu/bin/../lib/gcc/nios2-elf/5.3.0/mno-hw-mul/libgcc.a(lib2-mul.o)
 .comment       0x0000000000000023       0x24 /home/engineer/GIT/FPGA/PROJECTS/NIOSII/software/hello_bsp/libhal_bsp.a(alt_exit.o)

.debug
 *(.debug)

.line
 *(.line)

.debug_srcinfo
 *(.debug_srcinfo)

.debug_sfnames
 *(.debug_sfnames)

.debug_aranges  0x0000000000000000      0x498
 *(.debug_aranges)
 .debug_aranges
                0x0000000000000000       0x28 /home/engineer/GIT/FPGA/PROJECTS/NIOSII/software/hello_bsp/obj/HAL/src/crt0.o
 .debug_aranges
                0x0000000000000028       0x20 obj/default/hello_world.o
 .debug_aranges
                0x0000000000000048       0x28 /home/engineer/intelFPGA/16.1/nios2eds/bin/gnu/H-x86_64-pc-linux-gnu/bin/../lib/gcc/nios2-elf/5.3.0/../../../../../H-x86_64-pc-linux-gnu/nios2-elf/lib/mno-hw-mul/libsmallc.a(lib_a-puts.o)
 .debug_aranges
                0x0000000000000070       0x20 /home/engineer/intelFPGA/16.1/nios2eds/bin/gnu/H-x86_64-pc-linux-gnu/bin/../lib/gcc/nios2-elf/5.3.0/../../../../../H-x86_64-pc-linux-gnu/nios2-elf/lib/mno-hw-mul/libsmallc.a(lib_a-strlen.o)
 .debug_aranges
                0x0000000000000090       0x20 /home/engineer/intelFPGA/16.1/nios2eds/bin/gnu/H-x86_64-pc-linux-gnu/bin/../lib/gcc/nios2-elf/5.3.0/../../../../../H-x86_64-pc-linux-gnu/nios2-elf/lib/mno-hw-mul/libsmallc.a(lib_a-fvwrite_small_dev.o)
 .debug_aranges
                0x00000000000000b0       0x18 /home/engineer/intelFPGA/16.1/nios2eds/bin/gnu/H-x86_64-pc-linux-gnu/bin/../lib/gcc/nios2-elf/5.3.0/../../../../../H-x86_64-pc-linux-gnu/nios2-elf/lib/mno-hw-mul/libsmallc.a(lib_a-impure.o)
 .debug_aranges
                0x00000000000000c8       0x20 /home/engineer/intelFPGA/16.1/nios2eds/bin/gnu/H-x86_64-pc-linux-gnu/bin/../lib/gcc/nios2-elf/5.3.0/../../../../../H-x86_64-pc-linux-gnu/nios2-elf/lib/mno-hw-mul/libsmallc.a(lib_a-writer.o)
 .debug_aranges
                0x00000000000000e8       0x18 /home/engineer/intelFPGA/16.1/nios2eds/bin/gnu/H-x86_64-pc-linux-gnu/bin/../lib/gcc/nios2-elf/5.3.0/../../../../../H-x86_64-pc-linux-gnu/nios2-elf/lib/mno-hw-mul/libsmallc.a(lib_a-int_errno.o)
 .debug_aranges
                0x0000000000000100       0x20 /home/engineer/GIT/FPGA/PROJECTS/NIOSII/software/hello_bsp/libhal_bsp.a(alt_load.o)
 .debug_aranges
                0x0000000000000120       0x20 /home/engineer/GIT/FPGA/PROJECTS/NIOSII/software/hello_bsp/libhal_bsp.a(alt_main.o)
 .debug_aranges
                0x0000000000000140       0x20 /home/engineer/GIT/FPGA/PROJECTS/NIOSII/software/hello_bsp/libhal_bsp.a(alt_write.o)
 .debug_aranges
                0x0000000000000160       0x20 /home/engineer/GIT/FPGA/PROJECTS/NIOSII/software/hello_bsp/libhal_bsp.a(alt_sys_init.o)
 .debug_aranges
                0x0000000000000180       0x20 /home/engineer/GIT/FPGA/PROJECTS/NIOSII/software/hello_bsp/libhal_bsp.a(altera_avalon_jtag_uart_fd.o)
 .debug_aranges
                0x00000000000001a0       0x20 /home/engineer/GIT/FPGA/PROJECTS/NIOSII/software/hello_bsp/libhal_bsp.a(altera_avalon_jtag_uart_read.o)
 .debug_aranges
                0x00000000000001c0       0x20 /home/engineer/GIT/FPGA/PROJECTS/NIOSII/software/hello_bsp/libhal_bsp.a(altera_avalon_jtag_uart_write.o)
 .debug_aranges
                0x00000000000001e0       0x20 /home/engineer/GIT/FPGA/PROJECTS/NIOSII/software/hello_bsp/libhal_bsp.a(alt_close.o)
 .debug_aranges
                0x0000000000000200       0x20 /home/engineer/GIT/FPGA/PROJECTS/NIOSII/software/hello_bsp/libhal_bsp.a(alt_dcache_flush_all.o)
 .debug_aranges
                0x0000000000000220       0x20 /home/engineer/GIT/FPGA/PROJECTS/NIOSII/software/hello_bsp/libhal_bsp.a(alt_dev.o)
 .debug_aranges
                0x0000000000000240       0x20 /home/engineer/GIT/FPGA/PROJECTS/NIOSII/software/hello_bsp/libhal_bsp.a(alt_dev_llist_insert.o)
 .debug_aranges
                0x0000000000000260       0x20 /home/engineer/GIT/FPGA/PROJECTS/NIOSII/software/hello_bsp/libhal_bsp.a(alt_do_ctors.o)
 .debug_aranges
                0x0000000000000280       0x20 /home/engineer/GIT/FPGA/PROJECTS/NIOSII/software/hello_bsp/libhal_bsp.a(alt_do_dtors.o)
 .debug_aranges
                0x00000000000002a0       0x18 /home/engineer/GIT/FPGA/PROJECTS/NIOSII/software/hello_bsp/libhal_bsp.a(alt_errno.o)
 .debug_aranges
                0x00000000000002b8       0x20 /home/engineer/GIT/FPGA/PROJECTS/NIOSII/software/hello_bsp/libhal_bsp.a(alt_icache_flush_all.o)
 .debug_aranges
                0x00000000000002d8       0x20 /home/engineer/GIT/FPGA/PROJECTS/NIOSII/software/hello_bsp/libhal_bsp.a(alt_io_redirect.o)
 .debug_aranges
                0x00000000000002f8       0x20 /home/engineer/GIT/FPGA/PROJECTS/NIOSII/software/hello_bsp/libhal_bsp.a(alt_open.o)
 .debug_aranges
                0x0000000000000318       0x20 /home/engineer/GIT/FPGA/PROJECTS/NIOSII/software/hello_bsp/libhal_bsp.a(alt_release_fd.o)
 .debug_aranges
                0x0000000000000338       0x20 /home/engineer/GIT/FPGA/PROJECTS/NIOSII/software/hello_bsp/libhal_bsp.a(altera_nios2_gen2_irq.o)
 .debug_aranges
                0x0000000000000358       0x20 /home/engineer/GIT/FPGA/PROJECTS/NIOSII/software/hello_bsp/libhal_bsp.a(alt_find_dev.o)
 .debug_aranges
                0x0000000000000378       0x20 /home/engineer/GIT/FPGA/PROJECTS/NIOSII/software/hello_bsp/libhal_bsp.a(alt_find_file.o)
 .debug_aranges
                0x0000000000000398       0x20 /home/engineer/GIT/FPGA/PROJECTS/NIOSII/software/hello_bsp/libhal_bsp.a(alt_get_fd.o)
 .debug_aranges
                0x00000000000003b8       0x20 /home/engineer/intelFPGA/16.1/nios2eds/bin/gnu/H-x86_64-pc-linux-gnu/bin/../lib/gcc/nios2-elf/5.3.0/../../../../../H-x86_64-pc-linux-gnu/nios2-elf/lib/mno-hw-mul/libsmallc.a(lib_a-atexit.o)
 .debug_aranges
                0x00000000000003d8       0x20 /home/engineer/intelFPGA/16.1/nios2eds/bin/gnu/H-x86_64-pc-linux-gnu/bin/../lib/gcc/nios2-elf/5.3.0/../../../../../H-x86_64-pc-linux-gnu/nios2-elf/lib/mno-hw-mul/libsmallc.a(lib_a-exit.o)
 .debug_aranges
                0x00000000000003f8       0x20 /home/engineer/intelFPGA/16.1/nios2eds/bin/gnu/H-x86_64-pc-linux-gnu/bin/../lib/gcc/nios2-elf/5.3.0/../../../../../H-x86_64-pc-linux-gnu/nios2-elf/lib/mno-hw-mul/libsmallc.a(lib_a-memcmp.o)
 .debug_aranges
                0x0000000000000418       0x20 /home/engineer/intelFPGA/16.1/nios2eds/bin/gnu/H-x86_64-pc-linux-gnu/bin/../lib/gcc/nios2-elf/5.3.0/../../../../../H-x86_64-pc-linux-gnu/nios2-elf/lib/mno-hw-mul/libsmallc.a(lib_a-__atexit.o)
 .debug_aranges
                0x0000000000000438       0x20 /home/engineer/intelFPGA/16.1/nios2eds/bin/gnu/H-x86_64-pc-linux-gnu/bin/../lib/gcc/nios2-elf/5.3.0/../../../../../H-x86_64-pc-linux-gnu/nios2-elf/lib/mno-hw-mul/libsmallc.a(lib_a-__call_atexit.o)
 .debug_aranges
                0x0000000000000458       0x20 /home/engineer/intelFPGA/16.1/nios2eds/bin/gnu/H-x86_64-pc-linux-gnu/bin/../lib/gcc/nios2-elf/5.3.0/mno-hw-mul/libgcc.a(lib2-mul.o)
 .debug_aranges
                0x0000000000000478       0x20 /home/engineer/GIT/FPGA/PROJECTS/NIOSII/software/hello_bsp/libhal_bsp.a(alt_exit.o)

.debug_pubnames
 *(.debug_pubnames)

.debug_info     0x0000000000000000     0x5ea0
 *(.debug_info .gnu.linkonce.wi.*)
 .debug_info    0x0000000000000000       0x6f /home/engineer/GIT/FPGA/PROJECTS/NIOSII/software/hello_bsp/obj/HAL/src/crt0.o
 .debug_info    0x000000000000006f       0x96 obj/default/hello_world.o
 .debug_info    0x0000000000000105      0x66d /home/engineer/intelFPGA/16.1/nios2eds/bin/gnu/H-x86_64-pc-linux-gnu/bin/../lib/gcc/nios2-elf/5.3.0/../../../../../H-x86_64-pc-linux-gnu/nios2-elf/lib/mno-hw-mul/libsmallc.a(lib_a-puts.o)
 .debug_info    0x0000000000000772       0xc9 /home/engineer/intelFPGA/16.1/nios2eds/bin/gnu/H-x86_64-pc-linux-gnu/bin/../lib/gcc/nios2-elf/5.3.0/../../../../../H-x86_64-pc-linux-gnu/nios2-elf/lib/mno-hw-mul/libsmallc.a(lib_a-strlen.o)
 .debug_info    0x000000000000083b      0x62b /home/engineer/intelFPGA/16.1/nios2eds/bin/gnu/H-x86_64-pc-linux-gnu/bin/../lib/gcc/nios2-elf/5.3.0/../../../../../H-x86_64-pc-linux-gnu/nios2-elf/lib/mno-hw-mul/libsmallc.a(lib_a-fvwrite_small_dev.o)
 .debug_info    0x0000000000000e66      0x5a9 /home/engineer/intelFPGA/16.1/nios2eds/bin/gnu/H-x86_64-pc-linux-gnu/bin/../lib/gcc/nios2-elf/5.3.0/../../../../../H-x86_64-pc-linux-gnu/nios2-elf/lib/mno-hw-mul/libsmallc.a(lib_a-impure.o)
 .debug_info    0x000000000000140f      0x630 /home/engineer/intelFPGA/16.1/nios2eds/bin/gnu/H-x86_64-pc-linux-gnu/bin/../lib/gcc/nios2-elf/5.3.0/../../../../../H-x86_64-pc-linux-gnu/nios2-elf/lib/mno-hw-mul/libsmallc.a(lib_a-writer.o)
 .debug_info    0x0000000000001a3f       0x8a /home/engineer/intelFPGA/16.1/nios2eds/bin/gnu/H-x86_64-pc-linux-gnu/bin/../lib/gcc/nios2-elf/5.3.0/../../../../../H-x86_64-pc-linux-gnu/nios2-elf/lib/mno-hw-mul/libsmallc.a(lib_a-int_errno.o)
 .debug_info    0x0000000000001ac9      0x145 /home/engineer/GIT/FPGA/PROJECTS/NIOSII/software/hello_bsp/libhal_bsp.a(alt_load.o)
 .debug_info    0x0000000000001c0e      0x131 /home/engineer/GIT/FPGA/PROJECTS/NIOSII/software/hello_bsp/libhal_bsp.a(alt_main.o)
 .debug_info    0x0000000000001d3f      0x4b7 /home/engineer/GIT/FPGA/PROJECTS/NIOSII/software/hello_bsp/libhal_bsp.a(alt_write.o)
 .debug_info    0x00000000000021f6      0x3c9 /home/engineer/GIT/FPGA/PROJECTS/NIOSII/software/hello_bsp/libhal_bsp.a(alt_sys_init.o)
 .debug_info    0x00000000000025bf      0x3a7 /home/engineer/GIT/FPGA/PROJECTS/NIOSII/software/hello_bsp/libhal_bsp.a(altera_avalon_jtag_uart_fd.o)
 .debug_info    0x0000000000002966      0x1b2 /home/engineer/GIT/FPGA/PROJECTS/NIOSII/software/hello_bsp/libhal_bsp.a(altera_avalon_jtag_uart_read.o)
 .debug_info    0x0000000000002b18      0x195 /home/engineer/GIT/FPGA/PROJECTS/NIOSII/software/hello_bsp/libhal_bsp.a(altera_avalon_jtag_uart_write.o)
 .debug_info    0x0000000000002cad      0x321 /home/engineer/GIT/FPGA/PROJECTS/NIOSII/software/hello_bsp/libhal_bsp.a(alt_close.o)
 .debug_info    0x0000000000002fce       0x92 /home/engineer/GIT/FPGA/PROJECTS/NIOSII/software/hello_bsp/libhal_bsp.a(alt_dcache_flush_all.o)
 .debug_info    0x0000000000003060      0x49c /home/engineer/GIT/FPGA/PROJECTS/NIOSII/software/hello_bsp/libhal_bsp.a(alt_dev.o)
 .debug_info    0x00000000000034fc      0x1a9 /home/engineer/GIT/FPGA/PROJECTS/NIOSII/software/hello_bsp/libhal_bsp.a(alt_dev_llist_insert.o)
 .debug_info    0x00000000000036a5       0x83 /home/engineer/GIT/FPGA/PROJECTS/NIOSII/software/hello_bsp/libhal_bsp.a(alt_do_ctors.o)
 .debug_info    0x0000000000003728       0x83 /home/engineer/GIT/FPGA/PROJECTS/NIOSII/software/hello_bsp/libhal_bsp.a(alt_do_dtors.o)
 .debug_info    0x00000000000037ab       0xa6 /home/engineer/GIT/FPGA/PROJECTS/NIOSII/software/hello_bsp/libhal_bsp.a(alt_errno.o)
 .debug_info    0x0000000000003851       0x92 /home/engineer/GIT/FPGA/PROJECTS/NIOSII/software/hello_bsp/libhal_bsp.a(alt_icache_flush_all.o)
 .debug_info    0x00000000000038e3      0x4a5 /home/engineer/GIT/FPGA/PROJECTS/NIOSII/software/hello_bsp/libhal_bsp.a(alt_io_redirect.o)
 .debug_info    0x0000000000003d88      0x3bb /home/engineer/GIT/FPGA/PROJECTS/NIOSII/software/hello_bsp/libhal_bsp.a(alt_open.o)
 .debug_info    0x0000000000004143      0x2b0 /home/engineer/GIT/FPGA/PROJECTS/NIOSII/software/hello_bsp/libhal_bsp.a(alt_release_fd.o)
 .debug_info    0x00000000000043f3       0x92 /home/engineer/GIT/FPGA/PROJECTS/NIOSII/software/hello_bsp/libhal_bsp.a(altera_nios2_gen2_irq.o)
 .debug_info    0x0000000000004485      0x2e9 /home/engineer/GIT/FPGA/PROJECTS/NIOSII/software/hello_bsp/libhal_bsp.a(alt_find_dev.o)
 .debug_info    0x000000000000476e      0x2e6 /home/engineer/GIT/FPGA/PROJECTS/NIOSII/software/hello_bsp/libhal_bsp.a(alt_find_file.o)
 .debug_info    0x0000000000004a54      0x310 /home/engineer/GIT/FPGA/PROJECTS/NIOSII/software/hello_bsp/libhal_bsp.a(alt_get_fd.o)
 .debug_info    0x0000000000004d64       0xfe /home/engineer/intelFPGA/16.1/nios2eds/bin/gnu/H-x86_64-pc-linux-gnu/bin/../lib/gcc/nios2-elf/5.3.0/../../../../../H-x86_64-pc-linux-gnu/nios2-elf/lib/mno-hw-mul/libsmallc.a(lib_a-atexit.o)
 .debug_info    0x0000000000004e62       0xe5 /home/engineer/intelFPGA/16.1/nios2eds/bin/gnu/H-x86_64-pc-linux-gnu/bin/../lib/gcc/nios2-elf/5.3.0/../../../../../H-x86_64-pc-linux-gnu/nios2-elf/lib/mno-hw-mul/libsmallc.a(lib_a-exit.o)
 .debug_info    0x0000000000004f47       0xf4 /home/engineer/intelFPGA/16.1/nios2eds/bin/gnu/H-x86_64-pc-linux-gnu/bin/../lib/gcc/nios2-elf/5.3.0/../../../../../H-x86_64-pc-linux-gnu/nios2-elf/lib/mno-hw-mul/libsmallc.a(lib_a-memcmp.o)
 .debug_info    0x000000000000503b      0x64a /home/engineer/intelFPGA/16.1/nios2eds/bin/gnu/H-x86_64-pc-linux-gnu/bin/../lib/gcc/nios2-elf/5.3.0/../../../../../H-x86_64-pc-linux-gnu/nios2-elf/lib/mno-hw-mul/libsmallc.a(lib_a-__atexit.o)
 .debug_info    0x0000000000005685      0x67b /home/engineer/intelFPGA/16.1/nios2eds/bin/gnu/H-x86_64-pc-linux-gnu/bin/../lib/gcc/nios2-elf/5.3.0/../../../../../H-x86_64-pc-linux-gnu/nios2-elf/lib/mno-hw-mul/libsmallc.a(lib_a-__call_atexit.o)
 .debug_info    0x0000000000005d00       0xb4 /home/engineer/intelFPGA/16.1/nios2eds/bin/gnu/H-x86_64-pc-linux-gnu/bin/../lib/gcc/nios2-elf/5.3.0/mno-hw-mul/libgcc.a(lib2-mul.o)
 .debug_info    0x0000000000005db4       0xec /home/engineer/GIT/FPGA/PROJECTS/NIOSII/software/hello_bsp/libhal_bsp.a(alt_exit.o)

.debug_abbrev   0x0000000000000000     0x1ffd
 *(.debug_abbrev)
 .debug_abbrev  0x0000000000000000       0x12 /home/engineer/GIT/FPGA/PROJECTS/NIOSII/software/hello_bsp/obj/HAL/src/crt0.o
 .debug_abbrev  0x0000000000000012       0x42 obj/default/hello_world.o
 .debug_abbrev  0x0000000000000054      0x1d6 /home/engineer/intelFPGA/16.1/nios2eds/bin/gnu/H-x86_64-pc-linux-gnu/bin/../lib/gcc/nios2-elf/5.3.0/../../../../../H-x86_64-pc-linux-gnu/nios2-elf/lib/mno-hw-mul/libsmallc.a(lib_a-puts.o)
 .debug_abbrev  0x000000000000022a       0x7f /home/engineer/intelFPGA/16.1/nios2eds/bin/gnu/H-x86_64-pc-linux-gnu/bin/../lib/gcc/nios2-elf/5.3.0/../../../../../H-x86_64-pc-linux-gnu/nios2-elf/lib/mno-hw-mul/libsmallc.a(lib_a-strlen.o)
 .debug_abbrev  0x00000000000002a9      0x1bc /home/engineer/intelFPGA/16.1/nios2eds/bin/gnu/H-x86_64-pc-linux-gnu/bin/../lib/gcc/nios2-elf/5.3.0/../../../../../H-x86_64-pc-linux-gnu/nios2-elf/lib/mno-hw-mul/libsmallc.a(lib_a-fvwrite_small_dev.o)
 .debug_abbrev  0x0000000000000465      0x14a /home/engineer/intelFPGA/16.1/nios2eds/bin/gnu/H-x86_64-pc-linux-gnu/bin/../lib/gcc/nios2-elf/5.3.0/../../../../../H-x86_64-pc-linux-gnu/nios2-elf/lib/mno-hw-mul/libsmallc.a(lib_a-impure.o)
 .debug_abbrev  0x00000000000005af      0x1a6 /home/engineer/intelFPGA/16.1/nios2eds/bin/gnu/H-x86_64-pc-linux-gnu/bin/../lib/gcc/nios2-elf/5.3.0/../../../../../H-x86_64-pc-linux-gnu/nios2-elf/lib/mno-hw-mul/libsmallc.a(lib_a-writer.o)
 .debug_abbrev  0x0000000000000755       0x37 /home/engineer/intelFPGA/16.1/nios2eds/bin/gnu/H-x86_64-pc-linux-gnu/bin/../lib/gcc/nios2-elf/5.3.0/../../../../../H-x86_64-pc-linux-gnu/nios2-elf/lib/mno-hw-mul/libsmallc.a(lib_a-int_errno.o)
 .debug_abbrev  0x000000000000078c       0x9f /home/engineer/GIT/FPGA/PROJECTS/NIOSII/software/hello_bsp/libhal_bsp.a(alt_load.o)
 .debug_abbrev  0x000000000000082b       0xba /home/engineer/GIT/FPGA/PROJECTS/NIOSII/software/hello_bsp/libhal_bsp.a(alt_main.o)
 .debug_abbrev  0x00000000000008e5      0x133 /home/engineer/GIT/FPGA/PROJECTS/NIOSII/software/hello_bsp/libhal_bsp.a(alt_write.o)
 .debug_abbrev  0x0000000000000a18      0x157 /home/engineer/GIT/FPGA/PROJECTS/NIOSII/software/hello_bsp/libhal_bsp.a(alt_sys_init.o)
 .debug_abbrev  0x0000000000000b6f       0xf7 /home/engineer/GIT/FPGA/PROJECTS/NIOSII/software/hello_bsp/libhal_bsp.a(altera_avalon_jtag_uart_fd.o)
 .debug_abbrev  0x0000000000000c66       0xd5 /home/engineer/GIT/FPGA/PROJECTS/NIOSII/software/hello_bsp/libhal_bsp.a(altera_avalon_jtag_uart_read.o)
 .debug_abbrev  0x0000000000000d3b       0xd5 /home/engineer/GIT/FPGA/PROJECTS/NIOSII/software/hello_bsp/libhal_bsp.a(altera_avalon_jtag_uart_write.o)
 .debug_abbrev  0x0000000000000e10      0x11f /home/engineer/GIT/FPGA/PROJECTS/NIOSII/software/hello_bsp/libhal_bsp.a(alt_close.o)
 .debug_abbrev  0x0000000000000f2f       0x42 /home/engineer/GIT/FPGA/PROJECTS/NIOSII/software/hello_bsp/libhal_bsp.a(alt_dcache_flush_all.o)
 .debug_abbrev  0x0000000000000f71       0xd9 /home/engineer/GIT/FPGA/PROJECTS/NIOSII/software/hello_bsp/libhal_bsp.a(alt_dev.o)
 .debug_abbrev  0x000000000000104a      0x114 /home/engineer/GIT/FPGA/PROJECTS/NIOSII/software/hello_bsp/libhal_bsp.a(alt_dev_llist_insert.o)
 .debug_abbrev  0x000000000000115e       0x79 /home/engineer/GIT/FPGA/PROJECTS/NIOSII/software/hello_bsp/libhal_bsp.a(alt_do_ctors.o)
 .debug_abbrev  0x00000000000011d7       0x79 /home/engineer/GIT/FPGA/PROJECTS/NIOSII/software/hello_bsp/libhal_bsp.a(alt_do_dtors.o)
 .debug_abbrev  0x0000000000001250       0x5a /home/engineer/GIT/FPGA/PROJECTS/NIOSII/software/hello_bsp/libhal_bsp.a(alt_errno.o)
 .debug_abbrev  0x00000000000012aa       0x42 /home/engineer/GIT/FPGA/PROJECTS/NIOSII/software/hello_bsp/libhal_bsp.a(alt_icache_flush_all.o)
 .debug_abbrev  0x00000000000012ec      0x114 /home/engineer/GIT/FPGA/PROJECTS/NIOSII/software/hello_bsp/libhal_bsp.a(alt_io_redirect.o)
 .debug_abbrev  0x0000000000001400      0x148 /home/engineer/GIT/FPGA/PROJECTS/NIOSII/software/hello_bsp/libhal_bsp.a(alt_open.o)
 .debug_abbrev  0x0000000000001548       0xde /home/engineer/GIT/FPGA/PROJECTS/NIOSII/software/hello_bsp/libhal_bsp.a(alt_release_fd.o)
 .debug_abbrev  0x0000000000001626       0x42 /home/engineer/GIT/FPGA/PROJECTS/NIOSII/software/hello_bsp/libhal_bsp.a(altera_nios2_gen2_irq.o)
 .debug_abbrev  0x0000000000001668       0xf0 /home/engineer/GIT/FPGA/PROJECTS/NIOSII/software/hello_bsp/libhal_bsp.a(alt_find_dev.o)
 .debug_abbrev  0x0000000000001758       0xf0 /home/engineer/GIT/FPGA/PROJECTS/NIOSII/software/hello_bsp/libhal_bsp.a(alt_find_file.o)
 .debug_abbrev  0x0000000000001848      0x10d /home/engineer/GIT/FPGA/PROJECTS/NIOSII/software/hello_bsp/libhal_bsp.a(alt_get_fd.o)
 .debug_abbrev  0x0000000000001955       0xaa /home/engineer/intelFPGA/16.1/nios2eds/bin/gnu/H-x86_64-pc-linux-gnu/bin/../lib/gcc/nios2-elf/5.3.0/../../../../../H-x86_64-pc-linux-gnu/nios2-elf/lib/mno-hw-mul/libsmallc.a(lib_a-atexit.o)
 .debug_abbrev  0x00000000000019ff       0x8b /home/engineer/intelFPGA/16.1/nios2eds/bin/gnu/H-x86_64-pc-linux-gnu/bin/../lib/gcc/nios2-elf/5.3.0/../../../../../H-x86_64-pc-linux-gnu/nios2-elf/lib/mno-hw-mul/libsmallc.a(lib_a-exit.o)
 .debug_abbrev  0x0000000000001a8a       0x7f /home/engineer/intelFPGA/16.1/nios2eds/bin/gnu/H-x86_64-pc-linux-gnu/bin/../lib/gcc/nios2-elf/5.3.0/../../../../../H-x86_64-pc-linux-gnu/nios2-elf/lib/mno-hw-mul/libsmallc.a(lib_a-memcmp.o)
 .debug_abbrev  0x0000000000001b09      0x1e6 /home/engineer/intelFPGA/16.1/nios2eds/bin/gnu/H-x86_64-pc-linux-gnu/bin/../lib/gcc/nios2-elf/5.3.0/../../../../../H-x86_64-pc-linux-gnu/nios2-elf/lib/mno-hw-mul/libsmallc.a(lib_a-__atexit.o)
 .debug_abbrev  0x0000000000001cef      0x1f6 /home/engineer/intelFPGA/16.1/nios2eds/bin/gnu/H-x86_64-pc-linux-gnu/bin/../lib/gcc/nios2-elf/5.3.0/../../../../../H-x86_64-pc-linux-gnu/nios2-elf/lib/mno-hw-mul/libsmallc.a(lib_a-__call_atexit.o)
 .debug_abbrev  0x0000000000001ee5       0x6f /home/engineer/intelFPGA/16.1/nios2eds/bin/gnu/H-x86_64-pc-linux-gnu/bin/../lib/gcc/nios2-elf/5.3.0/mno-hw-mul/libgcc.a(lib2-mul.o)
 .debug_abbrev  0x0000000000001f54       0xa9 /home/engineer/GIT/FPGA/PROJECTS/NIOSII/software/hello_bsp/libhal_bsp.a(alt_exit.o)

.debug_line     0x0000000000000000     0x246a
 *(.debug_line)
 .debug_line    0x0000000000000000       0x66 /home/engineer/GIT/FPGA/PROJECTS/NIOSII/software/hello_bsp/obj/HAL/src/crt0.o
 .debug_line    0x0000000000000066       0x40 obj/default/hello_world.o
 .debug_line    0x00000000000000a6      0x206 /home/engineer/intelFPGA/16.1/nios2eds/bin/gnu/H-x86_64-pc-linux-gnu/bin/../lib/gcc/nios2-elf/5.3.0/../../../../../H-x86_64-pc-linux-gnu/nios2-elf/lib/mno-hw-mul/libsmallc.a(lib_a-puts.o)
 .debug_line    0x00000000000002ac      0x15c /home/engineer/intelFPGA/16.1/nios2eds/bin/gnu/H-x86_64-pc-linux-gnu/bin/../lib/gcc/nios2-elf/5.3.0/../../../../../H-x86_64-pc-linux-gnu/nios2-elf/lib/mno-hw-mul/libsmallc.a(lib_a-strlen.o)
 .debug_line    0x0000000000000408      0x1f0 /home/engineer/intelFPGA/16.1/nios2eds/bin/gnu/H-x86_64-pc-linux-gnu/bin/../lib/gcc/nios2-elf/5.3.0/../../../../../H-x86_64-pc-linux-gnu/nios2-elf/lib/mno-hw-mul/libsmallc.a(lib_a-fvwrite_small_dev.o)
 .debug_line    0x00000000000005f8      0x156 /home/engineer/intelFPGA/16.1/nios2eds/bin/gnu/H-x86_64-pc-linux-gnu/bin/../lib/gcc/nios2-elf/5.3.0/../../../../../H-x86_64-pc-linux-gnu/nios2-elf/lib/mno-hw-mul/libsmallc.a(lib_a-impure.o)
 .debug_line    0x000000000000074e      0x1ed /home/engineer/intelFPGA/16.1/nios2eds/bin/gnu/H-x86_64-pc-linux-gnu/bin/../lib/gcc/nios2-elf/5.3.0/../../../../../H-x86_64-pc-linux-gnu/nios2-elf/lib/mno-hw-mul/libsmallc.a(lib_a-writer.o)
 .debug_line    0x000000000000093b       0x5f /home/engineer/intelFPGA/16.1/nios2eds/bin/gnu/H-x86_64-pc-linux-gnu/bin/../lib/gcc/nios2-elf/5.3.0/../../../../../H-x86_64-pc-linux-gnu/nios2-elf/lib/mno-hw-mul/libsmallc.a(lib_a-int_errno.o)
 .debug_line    0x000000000000099a       0x8e /home/engineer/GIT/FPGA/PROJECTS/NIOSII/software/hello_bsp/libhal_bsp.a(alt_load.o)
 .debug_line    0x0000000000000a28       0xa4 /home/engineer/GIT/FPGA/PROJECTS/NIOSII/software/hello_bsp/libhal_bsp.a(alt_main.o)
 .debug_line    0x0000000000000acc      0x1f3 /home/engineer/GIT/FPGA/PROJECTS/NIOSII/software/hello_bsp/libhal_bsp.a(alt_write.o)
 .debug_line    0x0000000000000cbf      0x127 /home/engineer/GIT/FPGA/PROJECTS/NIOSII/software/hello_bsp/libhal_bsp.a(alt_sys_init.o)
 .debug_line    0x0000000000000de6      0x112 /home/engineer/GIT/FPGA/PROJECTS/NIOSII/software/hello_bsp/libhal_bsp.a(altera_avalon_jtag_uart_fd.o)
 .debug_line    0x0000000000000ef8       0xfd /home/engineer/GIT/FPGA/PROJECTS/NIOSII/software/hello_bsp/libhal_bsp.a(altera_avalon_jtag_uart_read.o)
 .debug_line    0x0000000000000ff5       0xf4 /home/engineer/GIT/FPGA/PROJECTS/NIOSII/software/hello_bsp/libhal_bsp.a(altera_avalon_jtag_uart_write.o)
 .debug_line    0x00000000000010e9      0x171 /home/engineer/GIT/FPGA/PROJECTS/NIOSII/software/hello_bsp/libhal_bsp.a(alt_close.o)
 .debug_line    0x000000000000125a       0x51 /home/engineer/GIT/FPGA/PROJECTS/NIOSII/software/hello_bsp/libhal_bsp.a(alt_dcache_flush_all.o)
 .debug_line    0x00000000000012ab      0x104 /home/engineer/GIT/FPGA/PROJECTS/NIOSII/software/hello_bsp/libhal_bsp.a(alt_dev.o)
 .debug_line    0x00000000000013af       0xcf /home/engineer/GIT/FPGA/PROJECTS/NIOSII/software/hello_bsp/libhal_bsp.a(alt_dev_llist_insert.o)
 .debug_line    0x000000000000147e       0x59 /home/engineer/GIT/FPGA/PROJECTS/NIOSII/software/hello_bsp/libhal_bsp.a(alt_do_ctors.o)
 .debug_line    0x00000000000014d7       0x59 /home/engineer/GIT/FPGA/PROJECTS/NIOSII/software/hello_bsp/libhal_bsp.a(alt_do_dtors.o)
 .debug_line    0x0000000000001530       0x51 /home/engineer/GIT/FPGA/PROJECTS/NIOSII/software/hello_bsp/libhal_bsp.a(alt_errno.o)
 .debug_line    0x0000000000001581       0x4f /home/engineer/GIT/FPGA/PROJECTS/NIOSII/software/hello_bsp/libhal_bsp.a(alt_icache_flush_all.o)
 .debug_line    0x00000000000015d0      0x141 /home/engineer/GIT/FPGA/PROJECTS/NIOSII/software/hello_bsp/libhal_bsp.a(alt_io_redirect.o)
 .debug_line    0x0000000000001711      0x12b /home/engineer/GIT/FPGA/PROJECTS/NIOSII/software/hello_bsp/libhal_bsp.a(alt_open.o)
 .debug_line    0x000000000000183c       0xb0 /home/engineer/GIT/FPGA/PROJECTS/NIOSII/software/hello_bsp/libhal_bsp.a(alt_release_fd.o)
 .debug_line    0x00000000000018ec       0x51 /home/engineer/GIT/FPGA/PROJECTS/NIOSII/software/hello_bsp/libhal_bsp.a(altera_nios2_gen2_irq.o)
 .debug_line    0x000000000000193d       0xb5 /home/engineer/GIT/FPGA/PROJECTS/NIOSII/software/hello_bsp/libhal_bsp.a(alt_find_dev.o)
 .debug_line    0x00000000000019f2       0xd1 /home/engineer/GIT/FPGA/PROJECTS/NIOSII/software/hello_bsp/libhal_bsp.a(alt_find_file.o)
 .debug_line    0x0000000000001ac3       0xd7 /home/engineer/GIT/FPGA/PROJECTS/NIOSII/software/hello_bsp/libhal_bsp.a(alt_get_fd.o)
 .debug_line    0x0000000000001b9a       0xe7 /home/engineer/intelFPGA/16.1/nios2eds/bin/gnu/H-x86_64-pc-linux-gnu/bin/../lib/gcc/nios2-elf/5.3.0/../../../../../H-x86_64-pc-linux-gnu/nios2-elf/lib/mno-hw-mul/libsmallc.a(lib_a-atexit.o)
 .debug_line    0x0000000000001c81      0x159 /home/engineer/intelFPGA/16.1/nios2eds/bin/gnu/H-x86_64-pc-linux-gnu/bin/../lib/gcc/nios2-elf/5.3.0/../../../../../H-x86_64-pc-linux-gnu/nios2-elf/lib/mno-hw-mul/libsmallc.a(lib_a-exit.o)
 .debug_line    0x0000000000001dda      0x160 /home/engineer/intelFPGA/16.1/nios2eds/bin/gnu/H-x86_64-pc-linux-gnu/bin/../lib/gcc/nios2-elf/5.3.0/../../../../../H-x86_64-pc-linux-gnu/nios2-elf/lib/mno-hw-mul/libsmallc.a(lib_a-memcmp.o)
 .debug_line    0x0000000000001f3a      0x20d /home/engineer/intelFPGA/16.1/nios2eds/bin/gnu/H-x86_64-pc-linux-gnu/bin/../lib/gcc/nios2-elf/5.3.0/../../../../../H-x86_64-pc-linux-gnu/nios2-elf/lib/mno-hw-mul/libsmallc.a(lib_a-__atexit.o)
 .debug_line    0x0000000000002147      0x232 /home/engineer/intelFPGA/16.1/nios2eds/bin/gnu/H-x86_64-pc-linux-gnu/bin/../lib/gcc/nios2-elf/5.3.0/../../../../../H-x86_64-pc-linux-gnu/nios2-elf/lib/mno-hw-mul/libsmallc.a(lib_a-__call_atexit.o)
 .debug_line    0x0000000000002379       0x80 /home/engineer/intelFPGA/16.1/nios2eds/bin/gnu/H-x86_64-pc-linux-gnu/bin/../lib/gcc/nios2-elf/5.3.0/mno-hw-mul/libgcc.a(lib2-mul.o)
 .debug_line    0x00000000000023f9       0x71 /home/engineer/GIT/FPGA/PROJECTS/NIOSII/software/hello_bsp/libhal_bsp.a(alt_exit.o)

.debug_frame    0x0000000000000000      0x890
 *(.debug_frame)
 .debug_frame   0x0000000000000000       0x38 obj/default/hello_world.o
 .debug_frame   0x0000000000000038       0x48 /home/engineer/intelFPGA/16.1/nios2eds/bin/gnu/H-x86_64-pc-linux-gnu/bin/../lib/gcc/nios2-elf/5.3.0/../../../../../H-x86_64-pc-linux-gnu/nios2-elf/lib/mno-hw-mul/libsmallc.a(lib_a-puts.o)
 .debug_frame   0x0000000000000080       0x20 /home/engineer/intelFPGA/16.1/nios2eds/bin/gnu/H-x86_64-pc-linux-gnu/bin/../lib/gcc/nios2-elf/5.3.0/../../../../../H-x86_64-pc-linux-gnu/nios2-elf/lib/mno-hw-mul/libsmallc.a(lib_a-strlen.o)
 .debug_frame   0x00000000000000a0       0x58 /home/engineer/intelFPGA/16.1/nios2eds/bin/gnu/H-x86_64-pc-linux-gnu/bin/../lib/gcc/nios2-elf/5.3.0/../../../../../H-x86_64-pc-linux-gnu/nios2-elf/lib/mno-hw-mul/libsmallc.a(lib_a-fvwrite_small_dev.o)
 .debug_frame   0x00000000000000f8       0x38 /home/engineer/intelFPGA/16.1/nios2eds/bin/gnu/H-x86_64-pc-linux-gnu/bin/../lib/gcc/nios2-elf/5.3.0/../../../../../H-x86_64-pc-linux-gnu/nios2-elf/lib/mno-hw-mul/libsmallc.a(lib_a-writer.o)
 .debug_frame   0x0000000000000130       0x5c /home/engineer/GIT/FPGA/PROJECTS/NIOSII/software/hello_bsp/libhal_bsp.a(alt_load.o)
 .debug_frame   0x000000000000018c       0x2c /home/engineer/GIT/FPGA/PROJECTS/NIOSII/software/hello_bsp/libhal_bsp.a(alt_main.o)
 .debug_frame   0x00000000000001b8       0x60 /home/engineer/GIT/FPGA/PROJECTS/NIOSII/software/hello_bsp/libhal_bsp.a(alt_write.o)
 .debug_frame   0x0000000000000218       0x88 /home/engineer/GIT/FPGA/PROJECTS/NIOSII/software/hello_bsp/libhal_bsp.a(alt_sys_init.o)
 .debug_frame   0x00000000000002a0       0x60 /home/engineer/GIT/FPGA/PROJECTS/NIOSII/software/hello_bsp/libhal_bsp.a(altera_avalon_jtag_uart_fd.o)
 .debug_frame   0x0000000000000300       0x34 /home/engineer/GIT/FPGA/PROJECTS/NIOSII/software/hello_bsp/libhal_bsp.a(altera_avalon_jtag_uart_read.o)
 .debug_frame   0x0000000000000334       0x34 /home/engineer/GIT/FPGA/PROJECTS/NIOSII/software/hello_bsp/libhal_bsp.a(altera_avalon_jtag_uart_write.o)
 .debug_frame   0x0000000000000368       0x60 /home/engineer/GIT/FPGA/PROJECTS/NIOSII/software/hello_bsp/libhal_bsp.a(alt_close.o)
 .debug_frame   0x00000000000003c8       0x34 /home/engineer/GIT/FPGA/PROJECTS/NIOSII/software/hello_bsp/libhal_bsp.a(alt_dcache_flush_all.o)
 .debug_frame   0x00000000000003fc       0x34 /home/engineer/GIT/FPGA/PROJECTS/NIOSII/software/hello_bsp/libhal_bsp.a(alt_dev.o)
 .debug_frame   0x0000000000000430       0x60 /home/engineer/GIT/FPGA/PROJECTS/NIOSII/software/hello_bsp/libhal_bsp.a(alt_dev_llist_insert.o)
 .debug_frame   0x0000000000000490       0x38 /home/engineer/GIT/FPGA/PROJECTS/NIOSII/software/hello_bsp/libhal_bsp.a(alt_do_ctors.o)
 .debug_frame   0x00000000000004c8       0x38 /home/engineer/GIT/FPGA/PROJECTS/NIOSII/software/hello_bsp/libhal_bsp.a(alt_do_dtors.o)
 .debug_frame   0x0000000000000500       0x34 /home/engineer/GIT/FPGA/PROJECTS/NIOSII/software/hello_bsp/libhal_bsp.a(alt_icache_flush_all.o)
 .debug_frame   0x0000000000000534       0x64 /home/engineer/GIT/FPGA/PROJECTS/NIOSII/software/hello_bsp/libhal_bsp.a(alt_io_redirect.o)
 .debug_frame   0x0000000000000598       0x8c /home/engineer/GIT/FPGA/PROJECTS/NIOSII/software/hello_bsp/libhal_bsp.a(alt_open.o)
 .debug_frame   0x0000000000000624       0x3c /home/engineer/GIT/FPGA/PROJECTS/NIOSII/software/hello_bsp/libhal_bsp.a(alt_release_fd.o)
 .debug_frame   0x0000000000000660       0x34 /home/engineer/GIT/FPGA/PROJECTS/NIOSII/software/hello_bsp/libhal_bsp.a(altera_nios2_gen2_irq.o)
 .debug_frame   0x0000000000000694       0x38 /home/engineer/GIT/FPGA/PROJECTS/NIOSII/software/hello_bsp/libhal_bsp.a(alt_find_dev.o)
 .debug_frame   0x00000000000006cc       0x38 /home/engineer/GIT/FPGA/PROJECTS/NIOSII/software/hello_bsp/libhal_bsp.a(alt_find_file.o)
 .debug_frame   0x0000000000000704       0x3c /home/engineer/GIT/FPGA/PROJECTS/NIOSII/software/hello_bsp/libhal_bsp.a(alt_get_fd.o)
 .debug_frame   0x0000000000000740       0x20 /home/engineer/intelFPGA/16.1/nios2eds/bin/gnu/H-x86_64-pc-linux-gnu/bin/../lib/gcc/nios2-elf/5.3.0/../../../../../H-x86_64-pc-linux-gnu/nios2-elf/lib/mno-hw-mul/libsmallc.a(lib_a-atexit.o)
 .debug_frame   0x0000000000000760       0x28 /home/engineer/intelFPGA/16.1/nios2eds/bin/gnu/H-x86_64-pc-linux-gnu/bin/../lib/gcc/nios2-elf/5.3.0/../../../../../H-x86_64-pc-linux-gnu/nios2-elf/lib/mno-hw-mul/libsmallc.a(lib_a-exit.o)
 .debug_frame   0x0000000000000788       0x20 /home/engineer/intelFPGA/16.1/nios2eds/bin/gnu/H-x86_64-pc-linux-gnu/bin/../lib/gcc/nios2-elf/5.3.0/../../../../../H-x86_64-pc-linux-gnu/nios2-elf/lib/mno-hw-mul/libsmallc.a(lib_a-memcmp.o)
 .debug_frame   0x00000000000007a8       0x48 /home/engineer/intelFPGA/16.1/nios2eds/bin/gnu/H-x86_64-pc-linux-gnu/bin/../lib/gcc/nios2-elf/5.3.0/../../../../../H-x86_64-pc-linux-gnu/nios2-elf/lib/mno-hw-mul/libsmallc.a(lib_a-__atexit.o)
 .debug_frame   0x00000000000007f0       0x54 /home/engineer/intelFPGA/16.1/nios2eds/bin/gnu/H-x86_64-pc-linux-gnu/bin/../lib/gcc/nios2-elf/5.3.0/../../../../../H-x86_64-pc-linux-gnu/nios2-elf/lib/mno-hw-mul/libsmallc.a(lib_a-__call_atexit.o)
 .debug_frame   0x0000000000000844       0x20 /home/engineer/intelFPGA/16.1/nios2eds/bin/gnu/H-x86_64-pc-linux-gnu/bin/../lib/gcc/nios2-elf/5.3.0/mno-hw-mul/libgcc.a(lib2-mul.o)
 .debug_frame   0x0000000000000864       0x2c /home/engineer/GIT/FPGA/PROJECTS/NIOSII/software/hello_bsp/libhal_bsp.a(alt_exit.o)

.debug_str      0x0000000000000000     0x1395
 *(.debug_str)
 .debug_str     0x0000000000000000       0xf3 obj/default/hello_world.o
                                        0x131 (size before relaxing)
 .debug_str     0x00000000000000f3      0x3f4 /home/engineer/intelFPGA/16.1/nios2eds/bin/gnu/H-x86_64-pc-linux-gnu/bin/../lib/gcc/nios2-elf/5.3.0/../../../../../H-x86_64-pc-linux-gnu/nios2-elf/lib/mno-hw-mul/libsmallc.a(lib_a-puts.o)
                                        0x4ce (size before relaxing)
 .debug_str     0x00000000000004e7       0xd3 /home/engineer/intelFPGA/16.1/nios2eds/bin/gnu/H-x86_64-pc-linux-gnu/bin/../lib/gcc/nios2-elf/5.3.0/../../../../../H-x86_64-pc-linux-gnu/nios2-elf/lib/mno-hw-mul/libsmallc.a(lib_a-strlen.o)
                                        0x1e6 (size before relaxing)
 .debug_str     0x00000000000005ba       0x63 /home/engineer/intelFPGA/16.1/nios2eds/bin/gnu/H-x86_64-pc-linux-gnu/bin/../lib/gcc/nios2-elf/5.3.0/../../../../../H-x86_64-pc-linux-gnu/nios2-elf/lib/mno-hw-mul/libsmallc.a(lib_a-fvwrite_small_dev.o)
                                        0x4d5 (size before relaxing)
 .debug_str     0x000000000000061d       0xf0 /home/engineer/intelFPGA/16.1/nios2eds/bin/gnu/H-x86_64-pc-linux-gnu/bin/../lib/gcc/nios2-elf/5.3.0/../../../../../H-x86_64-pc-linux-gnu/nios2-elf/lib/mno-hw-mul/libsmallc.a(lib_a-impure.o)
                                        0x4bf (size before relaxing)
 .debug_str     0x000000000000070d       0x45 /home/engineer/intelFPGA/16.1/nios2eds/bin/gnu/H-x86_64-pc-linux-gnu/bin/../lib/gcc/nios2-elf/5.3.0/../../../../../H-x86_64-pc-linux-gnu/nios2-elf/lib/mno-hw-mul/libsmallc.a(lib_a-writer.o)
                                        0x4b9 (size before relaxing)
 .debug_str     0x0000000000000752       0x3f /home/engineer/intelFPGA/16.1/nios2eds/bin/gnu/H-x86_64-pc-linux-gnu/bin/../lib/gcc/nios2-elf/5.3.0/../../../../../H-x86_64-pc-linux-gnu/nios2-elf/lib/mno-hw-mul/libsmallc.a(lib_a-int_errno.o)
                                        0x1d9 (size before relaxing)
 .debug_str     0x0000000000000791      0x12c /home/engineer/GIT/FPGA/PROJECTS/NIOSII/software/hello_bsp/libhal_bsp.a(alt_load.o)
                                        0x213 (size before relaxing)
 .debug_str     0x00000000000008bd       0x70 /home/engineer/GIT/FPGA/PROJECTS/NIOSII/software/hello_bsp/libhal_bsp.a(alt_main.o)
                                        0x19e (size before relaxing)
 .debug_str     0x000000000000092d      0x166 /home/engineer/GIT/FPGA/PROJECTS/NIOSII/software/hello_bsp/libhal_bsp.a(alt_write.o)
                                        0x2f9 (size before relaxing)
 .debug_str     0x0000000000000a93      0x105 /home/engineer/GIT/FPGA/PROJECTS/NIOSII/software/hello_bsp/libhal_bsp.a(alt_sys_init.o)
                                        0x2d5 (size before relaxing)
 .debug_str     0x0000000000000b98       0x77 /home/engineer/GIT/FPGA/PROJECTS/NIOSII/software/hello_bsp/libhal_bsp.a(altera_avalon_jtag_uart_fd.o)
                                        0x2d6 (size before relaxing)
 .debug_str     0x0000000000000c0f       0x48 /home/engineer/GIT/FPGA/PROJECTS/NIOSII/software/hello_bsp/libhal_bsp.a(altera_avalon_jtag_uart_read.o)
                                        0x220 (size before relaxing)
 .debug_str     0x0000000000000c57       0x4a /home/engineer/GIT/FPGA/PROJECTS/NIOSII/software/hello_bsp/libhal_bsp.a(altera_avalon_jtag_uart_write.o)
                                        0x216 (size before relaxing)
 .debug_str     0x0000000000000ca1       0x1b /home/engineer/GIT/FPGA/PROJECTS/NIOSII/software/hello_bsp/libhal_bsp.a(alt_close.o)
                                        0x20c (size before relaxing)
 .debug_str     0x0000000000000cbc       0x34 /home/engineer/GIT/FPGA/PROJECTS/NIOSII/software/hello_bsp/libhal_bsp.a(alt_dcache_flush_all.o)
                                        0x156 (size before relaxing)
 .debug_str     0x0000000000000cf0       0x50 /home/engineer/GIT/FPGA/PROJECTS/NIOSII/software/hello_bsp/libhal_bsp.a(alt_dev.o)
                                        0x306 (size before relaxing)
 .debug_str     0x0000000000000d40       0x4b /home/engineer/GIT/FPGA/PROJECTS/NIOSII/software/hello_bsp/libhal_bsp.a(alt_dev_llist_insert.o)
                                        0x1cd (size before relaxing)
 .debug_str     0x0000000000000d8b       0x48 /home/engineer/GIT/FPGA/PROJECTS/NIOSII/software/hello_bsp/libhal_bsp.a(alt_do_ctors.o)
                                         0xd1 (size before relaxing)
 .debug_str     0x0000000000000dd3       0x4c /home/engineer/GIT/FPGA/PROJECTS/NIOSII/software/hello_bsp/libhal_bsp.a(alt_do_dtors.o)
                                         0xd0 (size before relaxing)
 .debug_str     0x0000000000000e1f       0x14 /home/engineer/GIT/FPGA/PROJECTS/NIOSII/software/hello_bsp/libhal_bsp.a(alt_errno.o)
                                        0x146 (size before relaxing)
 .debug_str     0x0000000000000e33       0x34 /home/engineer/GIT/FPGA/PROJECTS/NIOSII/software/hello_bsp/libhal_bsp.a(alt_icache_flush_all.o)
                                        0x156 (size before relaxing)
 .debug_str     0x0000000000000e67       0x56 /home/engineer/GIT/FPGA/PROJECTS/NIOSII/software/hello_bsp/libhal_bsp.a(alt_io_redirect.o)
                                        0x317 (size before relaxing)
 .debug_str     0x0000000000000ebd       0x36 /home/engineer/GIT/FPGA/PROJECTS/NIOSII/software/hello_bsp/libhal_bsp.a(alt_open.o)
                                        0x24c (size before relaxing)
 .debug_str     0x0000000000000ef3       0x28 /home/engineer/GIT/FPGA/PROJECTS/NIOSII/software/hello_bsp/libhal_bsp.a(alt_release_fd.o)
                                        0x1d4 (size before relaxing)
 .debug_str     0x0000000000000f1b       0x3b /home/engineer/GIT/FPGA/PROJECTS/NIOSII/software/hello_bsp/libhal_bsp.a(altera_nios2_gen2_irq.o)
                                        0x15d (size before relaxing)
 .debug_str     0x0000000000000f56       0x24 /home/engineer/GIT/FPGA/PROJECTS/NIOSII/software/hello_bsp/libhal_bsp.a(alt_find_dev.o)
                                        0x1ed (size before relaxing)
 .debug_str     0x0000000000000f7a       0x26 /home/engineer/GIT/FPGA/PROJECTS/NIOSII/software/hello_bsp/libhal_bsp.a(alt_find_file.o)
                                        0x1fb (size before relaxing)
 .debug_str     0x0000000000000fa0       0x30 /home/engineer/GIT/FPGA/PROJECTS/NIOSII/software/hello_bsp/libhal_bsp.a(alt_get_fd.o)
                                        0x21d (size before relaxing)
 .debug_str     0x0000000000000fd0      0x117 /home/engineer/intelFPGA/16.1/nios2eds/bin/gnu/H-x86_64-pc-linux-gnu/bin/../lib/gcc/nios2-elf/5.3.0/../../../../../H-x86_64-pc-linux-gnu/nios2-elf/lib/mno-hw-mul/libsmallc.a(lib_a-atexit.o)
                                        0x21d (size before relaxing)
 .debug_str     0x00000000000010e7       0x4c /home/engineer/intelFPGA/16.1/nios2eds/bin/gnu/H-x86_64-pc-linux-gnu/bin/../lib/gcc/nios2-elf/5.3.0/../../../../../H-x86_64-pc-linux-gnu/nios2-elf/lib/mno-hw-mul/libsmallc.a(lib_a-exit.o)
                                        0x1f1 (size before relaxing)
 .debug_str     0x0000000000001133       0x44 /home/engineer/intelFPGA/16.1/nios2eds/bin/gnu/H-x86_64-pc-linux-gnu/bin/../lib/gcc/nios2-elf/5.3.0/../../../../../H-x86_64-pc-linux-gnu/nios2-elf/lib/mno-hw-mul/libsmallc.a(lib_a-memcmp.o)
                                        0x1e0 (size before relaxing)
 .debug_str     0x0000000000001177       0x46 /home/engineer/intelFPGA/16.1/nios2eds/bin/gnu/H-x86_64-pc-linux-gnu/bin/../lib/gcc/nios2-elf/5.3.0/../../../../../H-x86_64-pc-linux-gnu/nios2-elf/lib/mno-hw-mul/libsmallc.a(lib_a-__atexit.o)
                                        0x500 (size before relaxing)
 .debug_str     0x00000000000011bd       0x65 /home/engineer/intelFPGA/16.1/nios2eds/bin/gnu/H-x86_64-pc-linux-gnu/bin/../lib/gcc/nios2-elf/5.3.0/../../../../../H-x86_64-pc-linux-gnu/nios2-elf/lib/mno-hw-mul/libsmallc.a(lib_a-__call_atexit.o)
                                        0x4ec (size before relaxing)
 .debug_str     0x0000000000001222      0x149 /home/engineer/intelFPGA/16.1/nios2eds/bin/gnu/H-x86_64-pc-linux-gnu/bin/../lib/gcc/nios2-elf/5.3.0/mno-hw-mul/libgcc.a(lib2-mul.o)
                                        0x194 (size before relaxing)
 .debug_str     0x000000000000136b       0x2a /home/engineer/GIT/FPGA/PROJECTS/NIOSII/software/hello_bsp/libhal_bsp.a(alt_exit.o)
                                        0x152 (size before relaxing)

.debug_loc      0x0000000000000000      0x6f2
 *(.debug_loc)
 .debug_loc     0x0000000000000000       0x97 /home/engineer/intelFPGA/16.1/nios2eds/bin/gnu/H-x86_64-pc-linux-gnu/bin/../lib/gcc/nios2-elf/5.3.0/../../../../../H-x86_64-pc-linux-gnu/nios2-elf/lib/mno-hw-mul/libsmallc.a(lib_a-puts.o)
 .debug_loc     0x0000000000000097       0x1e /home/engineer/intelFPGA/16.1/nios2eds/bin/gnu/H-x86_64-pc-linux-gnu/bin/../lib/gcc/nios2-elf/5.3.0/../../../../../H-x86_64-pc-linux-gnu/nios2-elf/lib/mno-hw-mul/libsmallc.a(lib_a-strlen.o)
 .debug_loc     0x00000000000000b5      0x110 /home/engineer/intelFPGA/16.1/nios2eds/bin/gnu/H-x86_64-pc-linux-gnu/bin/../lib/gcc/nios2-elf/5.3.0/../../../../../H-x86_64-pc-linux-gnu/nios2-elf/lib/mno-hw-mul/libsmallc.a(lib_a-fvwrite_small_dev.o)
 .debug_loc     0x00000000000001c5       0xa5 /home/engineer/intelFPGA/16.1/nios2eds/bin/gnu/H-x86_64-pc-linux-gnu/bin/../lib/gcc/nios2-elf/5.3.0/../../../../../H-x86_64-pc-linux-gnu/nios2-elf/lib/mno-hw-mul/libsmallc.a(lib_a-writer.o)
 .debug_loc     0x000000000000026a       0x2c /home/engineer/intelFPGA/16.1/nios2eds/bin/gnu/H-x86_64-pc-linux-gnu/bin/../lib/gcc/nios2-elf/5.3.0/../../../../../H-x86_64-pc-linux-gnu/nios2-elf/lib/mno-hw-mul/libsmallc.a(lib_a-atexit.o)
 .debug_loc     0x0000000000000296       0x1e /home/engineer/intelFPGA/16.1/nios2eds/bin/gnu/H-x86_64-pc-linux-gnu/bin/../lib/gcc/nios2-elf/5.3.0/../../../../../H-x86_64-pc-linux-gnu/nios2-elf/lib/mno-hw-mul/libsmallc.a(lib_a-exit.o)
 .debug_loc     0x00000000000002b4       0x94 /home/engineer/intelFPGA/16.1/nios2eds/bin/gnu/H-x86_64-pc-linux-gnu/bin/../lib/gcc/nios2-elf/5.3.0/../../../../../H-x86_64-pc-linux-gnu/nios2-elf/lib/mno-hw-mul/libsmallc.a(lib_a-memcmp.o)
 .debug_loc     0x0000000000000348      0x1c0 /home/engineer/intelFPGA/16.1/nios2eds/bin/gnu/H-x86_64-pc-linux-gnu/bin/../lib/gcc/nios2-elf/5.3.0/../../../../../H-x86_64-pc-linux-gnu/nios2-elf/lib/mno-hw-mul/libsmallc.a(lib_a-__atexit.o)
 .debug_loc     0x0000000000000508      0x157 /home/engineer/intelFPGA/16.1/nios2eds/bin/gnu/H-x86_64-pc-linux-gnu/bin/../lib/gcc/nios2-elf/5.3.0/../../../../../H-x86_64-pc-linux-gnu/nios2-elf/lib/mno-hw-mul/libsmallc.a(lib_a-__call_atexit.o)
 .debug_loc     0x000000000000065f       0x93 /home/engineer/intelFPGA/16.1/nios2eds/bin/gnu/H-x86_64-pc-linux-gnu/bin/../lib/gcc/nios2-elf/5.3.0/mno-hw-mul/libgcc.a(lib2-mul.o)

.debug_macinfo
 *(.debug_macinfo)

.debug_weaknames
 *(.debug_weaknames)

.debug_funcnames
 *(.debug_funcnames)

.debug_typenames
 *(.debug_typenames)

.debug_varnames
 *(.debug_varnames)

.debug_alt_sim_info
                0x0000000000000000       0x10
 *(.debug_alt_sim_info)
 .debug_alt_sim_info
                0x0000000000000000       0x10 /home/engineer/GIT/FPGA/PROJECTS/NIOSII/software/hello_bsp/obj/HAL/src/crt0.o
                0x000000000000e1a8                __alt_data_end = 0xe1a8
                0x000000000000e1a8                PROVIDE (__alt_stack_pointer, __alt_data_end)
                [!provide]                        PROVIDE (__alt_stack_limit, __alt_stack_base)
                [!provide]                        PROVIDE (__alt_heap_start, end)
                [!provide]                        PROVIDE (__alt_heap_limit, 0xe1a8)
OUTPUT(hello.elf elf32-littlenios2)

.debug_ranges   0x0000000000000000      0x100
 .debug_ranges  0x0000000000000000       0x20 /home/engineer/GIT/FPGA/PROJECTS/NIOSII/software/hello_bsp/obj/HAL/src/crt0.o
 .debug_ranges  0x0000000000000020       0x18 /home/engineer/intelFPGA/16.1/nios2eds/bin/gnu/H-x86_64-pc-linux-gnu/bin/../lib/gcc/nios2-elf/5.3.0/../../../../../H-x86_64-pc-linux-gnu/nios2-elf/lib/mno-hw-mul/libsmallc.a(lib_a-puts.o)
 .debug_ranges  0x0000000000000038       0x10 /home/engineer/intelFPGA/16.1/nios2eds/bin/gnu/H-x86_64-pc-linux-gnu/bin/../lib/gcc/nios2-elf/5.3.0/../../../../../H-x86_64-pc-linux-gnu/nios2-elf/lib/mno-hw-mul/libsmallc.a(lib_a-strlen.o)
 .debug_ranges  0x0000000000000048       0x28 /home/engineer/intelFPGA/16.1/nios2eds/bin/gnu/H-x86_64-pc-linux-gnu/bin/../lib/gcc/nios2-elf/5.3.0/../../../../../H-x86_64-pc-linux-gnu/nios2-elf/lib/mno-hw-mul/libsmallc.a(lib_a-fvwrite_small_dev.o)
 .debug_ranges  0x0000000000000070       0x10 /home/engineer/intelFPGA/16.1/nios2eds/bin/gnu/H-x86_64-pc-linux-gnu/bin/../lib/gcc/nios2-elf/5.3.0/../../../../../H-x86_64-pc-linux-gnu/nios2-elf/lib/mno-hw-mul/libsmallc.a(lib_a-writer.o)
 .debug_ranges  0x0000000000000080       0x18 /home/engineer/GIT/FPGA/PROJECTS/NIOSII/software/hello_bsp/libhal_bsp.a(altera_avalon_jtag_uart_read.o)
 .debug_ranges  0x0000000000000098       0x10 /home/engineer/intelFPGA/16.1/nios2eds/bin/gnu/H-x86_64-pc-linux-gnu/bin/../lib/gcc/nios2-elf/5.3.0/../../../../../H-x86_64-pc-linux-gnu/nios2-elf/lib/mno-hw-mul/libsmallc.a(lib_a-atexit.o)
 .debug_ranges  0x00000000000000a8       0x10 /home/engineer/intelFPGA/16.1/nios2eds/bin/gnu/H-x86_64-pc-linux-gnu/bin/../lib/gcc/nios2-elf/5.3.0/../../../../../H-x86_64-pc-linux-gnu/nios2-elf/lib/mno-hw-mul/libsmallc.a(lib_a-exit.o)
 .debug_ranges  0x00000000000000b8       0x10 /home/engineer/intelFPGA/16.1/nios2eds/bin/gnu/H-x86_64-pc-linux-gnu/bin/../lib/gcc/nios2-elf/5.3.0/../../../../../H-x86_64-pc-linux-gnu/nios2-elf/lib/mno-hw-mul/libsmallc.a(lib_a-memcmp.o)
 .debug_ranges  0x00000000000000c8       0x10 /home/engineer/intelFPGA/16.1/nios2eds/bin/gnu/H-x86_64-pc-linux-gnu/bin/../lib/gcc/nios2-elf/5.3.0/../../../../../H-x86_64-pc-linux-gnu/nios2-elf/lib/mno-hw-mul/libsmallc.a(lib_a-__atexit.o)
 .debug_ranges  0x00000000000000d8       0x28 /home/engineer/intelFPGA/16.1/nios2eds/bin/gnu/H-x86_64-pc-linux-gnu/bin/../lib/gcc/nios2-elf/5.3.0/../../../../../H-x86_64-pc-linux-gnu/nios2-elf/lib/mno-hw-mul/libsmallc.a(lib_a-__call_atexit.o)
